Component: ARM Compiler 5.06 update 6 (build 750) Tool: armlink [4d35ed]

==============================================================================

Section Cross References

    stm32g4xx_hal.o(i.HAL_DeInit) refers to stm32g4xx_hal_msp.o(i.HAL_MspDeInit) for HAL_MspDeInit
    stm32g4xx_hal.o(i.HAL_Delay) refers to stm32g4xx_hal.o(i.HAL_GetTick) for HAL_GetTick
    stm32g4xx_hal.o(i.HAL_Delay) refers to stm32g4xx_hal.o(.data) for .data
    stm32g4xx_hal.o(i.HAL_GetTick) refers to stm32g4xx_hal.o(.data) for .data
    stm32g4xx_hal.o(i.HAL_GetTickFreq) refers to stm32g4xx_hal.o(.data) for .data
    stm32g4xx_hal.o(i.HAL_GetTickPrio) refers to stm32g4xx_hal.o(.data) for .data
    stm32g4xx_hal.o(i.HAL_IncTick) refers to stm32g4xx_hal.o(.data) for .data
    stm32g4xx_hal.o(i.HAL_Init) refers to stm32g4xx_hal_cortex.o(i.HAL_NVIC_SetPriorityGrouping) for HAL_NVIC_SetPriorityGrouping
    stm32g4xx_hal.o(i.HAL_Init) refers to stm32g4xx_hal.o(i.HAL_InitTick) for HAL_InitTick
    stm32g4xx_hal.o(i.HAL_Init) refers to stm32g4xx_hal_msp.o(i.HAL_MspInit) for HAL_MspInit
    stm32g4xx_hal.o(i.HAL_InitTick) refers to stm32g4xx_hal_cortex.o(i.HAL_SYSTICK_Config) for HAL_SYSTICK_Config
    stm32g4xx_hal.o(i.HAL_InitTick) refers to stm32g4xx_hal_cortex.o(i.HAL_NVIC_SetPriority) for HAL_NVIC_SetPriority
    stm32g4xx_hal.o(i.HAL_InitTick) refers to stm32g4xx_hal.o(.data) for .data
    stm32g4xx_hal.o(i.HAL_InitTick) refers to system_stm32g4xx.o(.data) for SystemCoreClock
    stm32g4xx_hal.o(i.HAL_SYSCFG_EnableVREFBUF) refers to stm32g4xx_hal.o(i.HAL_GetTick) for HAL_GetTick
    stm32g4xx_hal.o(i.HAL_SetTickFreq) refers to stm32g4xx_hal.o(i.HAL_InitTick) for HAL_InitTick
    stm32g4xx_hal.o(i.HAL_SetTickFreq) refers to stm32g4xx_hal.o(.data) for .data
    stm32g4xx_hal_adc.o(i.ADC_ConversionStop) refers to stm32g4xx_hal.o(i.HAL_GetTick) for HAL_GetTick
    stm32g4xx_hal_adc.o(i.ADC_DMAConvCplt) refers to stm32g4xx_hal_adc.o(i.HAL_ADC_ErrorCallback) for HAL_ADC_ErrorCallback
    stm32g4xx_hal_adc.o(i.ADC_DMAConvCplt) refers to stm32g4xx_hal_adc.o(i.HAL_ADC_ConvCpltCallback) for HAL_ADC_ConvCpltCallback
    stm32g4xx_hal_adc.o(i.ADC_DMAError) refers to stm32g4xx_hal_adc.o(i.HAL_ADC_ErrorCallback) for HAL_ADC_ErrorCallback
    stm32g4xx_hal_adc.o(i.ADC_DMAHalfConvCplt) refers to stm32g4xx_hal_adc.o(i.HAL_ADC_ConvHalfCpltCallback) for HAL_ADC_ConvHalfCpltCallback
    stm32g4xx_hal_adc.o(i.ADC_Disable) refers to stm32g4xx_hal.o(i.HAL_GetTick) for HAL_GetTick
    stm32g4xx_hal_adc.o(i.ADC_Enable) refers to stm32g4xx_hal.o(i.HAL_GetTick) for HAL_GetTick
    stm32g4xx_hal_adc.o(i.HAL_ADC_ConfigChannel) refers to system_stm32g4xx.o(.data) for SystemCoreClock
    stm32g4xx_hal_adc.o(i.HAL_ADC_DeInit) refers to stm32g4xx_hal_adc.o(i.ADC_ConversionStop) for ADC_ConversionStop
    stm32g4xx_hal_adc.o(i.HAL_ADC_DeInit) refers to stm32g4xx_hal_adc.o(i.ADC_Disable) for ADC_Disable
    stm32g4xx_hal_adc.o(i.HAL_ADC_DeInit) refers to stm32g4xx_hal_adc.o(i.HAL_ADC_MspDeInit) for HAL_ADC_MspDeInit
    stm32g4xx_hal_adc.o(i.HAL_ADC_IRQHandler) refers to stm32g4xx_hal_adc_ex.o(i.HAL_ADCEx_EndOfSamplingCallback) for HAL_ADCEx_EndOfSamplingCallback
    stm32g4xx_hal_adc.o(i.HAL_ADC_IRQHandler) refers to stm32g4xx_hal_adc.o(i.HAL_ADC_ConvCpltCallback) for HAL_ADC_ConvCpltCallback
    stm32g4xx_hal_adc.o(i.HAL_ADC_IRQHandler) refers to stm32g4xx_hal_adc_ex.o(i.HAL_ADCEx_InjectedConvCpltCallback) for HAL_ADCEx_InjectedConvCpltCallback
    stm32g4xx_hal_adc.o(i.HAL_ADC_IRQHandler) refers to stm32g4xx_hal_adc.o(i.HAL_ADC_LevelOutOfWindowCallback) for HAL_ADC_LevelOutOfWindowCallback
    stm32g4xx_hal_adc.o(i.HAL_ADC_IRQHandler) refers to stm32g4xx_hal_adc_ex.o(i.HAL_ADCEx_LevelOutOfWindow2Callback) for HAL_ADCEx_LevelOutOfWindow2Callback
    stm32g4xx_hal_adc.o(i.HAL_ADC_IRQHandler) refers to stm32g4xx_hal_adc_ex.o(i.HAL_ADCEx_LevelOutOfWindow3Callback) for HAL_ADCEx_LevelOutOfWindow3Callback
    stm32g4xx_hal_adc.o(i.HAL_ADC_IRQHandler) refers to stm32g4xx_hal_adc.o(i.HAL_ADC_ErrorCallback) for HAL_ADC_ErrorCallback
    stm32g4xx_hal_adc.o(i.HAL_ADC_IRQHandler) refers to stm32g4xx_hal_adc_ex.o(i.HAL_ADCEx_InjectedQueueOverflowCallback) for HAL_ADCEx_InjectedQueueOverflowCallback
    stm32g4xx_hal_adc.o(i.HAL_ADC_Init) refers to stm32g4xx_hal_adc.o(i.HAL_ADC_MspInit) for HAL_ADC_MspInit
    stm32g4xx_hal_adc.o(i.HAL_ADC_Init) refers to system_stm32g4xx.o(.data) for SystemCoreClock
    stm32g4xx_hal_adc.o(i.HAL_ADC_PollForConversion) refers to stm32g4xx_hal.o(i.HAL_GetTick) for HAL_GetTick
    stm32g4xx_hal_adc.o(i.HAL_ADC_PollForEvent) refers to stm32g4xx_hal.o(i.HAL_GetTick) for HAL_GetTick
    stm32g4xx_hal_adc.o(i.HAL_ADC_Start) refers to stm32g4xx_hal_adc.o(i.ADC_Enable) for ADC_Enable
    stm32g4xx_hal_adc.o(i.HAL_ADC_Start_DMA) refers to stm32g4xx_hal_adc.o(i.ADC_Enable) for ADC_Enable
    stm32g4xx_hal_adc.o(i.HAL_ADC_Start_DMA) refers to stm32g4xx_hal_dma.o(i.HAL_DMA_Start) for HAL_DMA_Start
[...]
    Removing stm32g4xx_hal_usart.o(i.USART_RxISR_8BIT_FIFOEN), (296 bytes).
    Removing stm32g4xx_hal_usart.o(i.USART_TxISR_16BIT), (68 bytes).
    Removing stm32g4xx_hal_usart.o(i.USART_TxISR_16BIT_FIFOEN), (94 bytes).
    Removing stm32g4xx_hal_usart.o(i.USART_TxISR_8BIT), (64 bytes).
    Removing stm32g4xx_hal_usart.o(i.USART_TxISR_8BIT_FIFOEN), (90 bytes).
    Removing stm32g4xx_hal_usart_ex.o(.rev16_text), (4 bytes).
    Removing stm32g4xx_hal_usart_ex.o(.revsh_text), (4 bytes).
    Removing stm32g4xx_hal_usart_ex.o(.rrx_text), (6 bytes).
    Removing stm32g4xx_hal_usart_ex.o(i.HAL_USARTEx_ConfigNSS), (74 bytes).
    Removing stm32g4xx_hal_usart_ex.o(i.HAL_USARTEx_DisableFifoMode), (68 bytes).
    Removing stm32g4xx_hal_usart_ex.o(i.HAL_USARTEx_DisableSlaveMode), (74 bytes).
    Removing stm32g4xx_hal_usart_ex.o(i.HAL_USARTEx_EnableFifoMode), (168 bytes).
    Removing stm32g4xx_hal_usart_ex.o(i.HAL_USARTEx_EnableSlaveMode), (112 bytes).
    Removing stm32g4xx_hal_usart_ex.o(i.HAL_USARTEx_RxFifoFullCallback), (2 bytes).
    Removing stm32g4xx_hal_usart_ex.o(i.HAL_USARTEx_SetRxFifoThreshold), (160 bytes).
    Removing stm32g4xx_hal_usart_ex.o(i.HAL_USARTEx_SetTxFifoThreshold), (160 bytes).
    Removing stm32g4xx_hal_usart_ex.o(i.HAL_USARTEx_TxFifoEmptyCallback), (2 bytes).
    Removing stm32g4xx_hal_pwr.o(.rev16_text), (4 bytes).
    Removing stm32g4xx_hal_pwr.o(.revsh_text), (4 bytes).
    Removing stm32g4xx_hal_pwr.o(.rrx_text), (6 bytes).
    Removing stm32g4xx_hal_pwr.o(i.HAL_PWR_ConfigPVD), (152 bytes).
    Removing stm32g4xx_hal_pwr.o(i.HAL_PWR_DeInit), (24 bytes).
    Removing stm32g4xx_hal_pwr.o(i.HAL_PWR_DisableBkUpAccess), (16 bytes).
    Removing stm32g4xx_hal_pwr.o(i.HAL_PWR_DisablePVD), (16 bytes).
    Removing stm32g4xx_hal_pwr.o(i.HAL_PWR_DisableSEVOnPend), (16 bytes).
    Removing stm32g4xx_hal_pwr.o(i.HAL_PWR_DisableSleepOnExit), (16 bytes).
    Removing stm32g4xx_hal_pwr.o(i.HAL_PWR_DisableWakeUpPin), (20 bytes).
    Removing stm32g4xx_hal_pwr.o(i.HAL_PWR_EnableBkUpAccess), (16 bytes).
    Removing stm32g4xx_hal_pwr.o(i.HAL_PWR_EnablePVD), (16 bytes).
    Removing stm32g4xx_hal_pwr.o(i.HAL_PWR_EnableSEVOnPend), (16 bytes).
    Removing stm32g4xx_hal_pwr.o(i.HAL_PWR_EnableSleepOnExit), (16 bytes).
    Removing stm32g4xx_hal_pwr.o(i.HAL_PWR_EnableWakeUpPin), (28 bytes).
    Removing stm32g4xx_hal_pwr.o(i.HAL_PWR_EnterSLEEPMode), (68 bytes).
    Removing stm32g4xx_hal_pwr.o(i.HAL_PWR_EnterSTANDBYMode), (36 bytes).
    Removing stm32g4xx_hal_pwr.o(i.HAL_PWR_EnterSTOPMode), (16 bytes).
    Removing stm32g4xx_hal_pwr.o(i.HAL_PWR_PVDCallback), (2 bytes).
    Removing stm32g4xx_hal_pwr_ex.o(.rev16_text), (4 bytes).
    Removing stm32g4xx_hal_pwr_ex.o(.revsh_text), (4 bytes).
    Removing stm32g4xx_hal_pwr_ex.o(.rrx_text), (6 bytes).
    Removing stm32g4xx_hal_pwr_ex.o(i.HAL_PWREx_ConfigPVM), (508 bytes).
    Removing stm32g4xx_hal_pwr_ex.o(i.HAL_PWREx_DisableBatteryCharging), (16 bytes).
    Removing stm32g4xx_hal_pwr_ex.o(i.HAL_PWREx_DisableGPIOPullDown), (116 bytes).
    Removing stm32g4xx_hal_pwr_ex.o(i.HAL_PWREx_DisableGPIOPullUp), (112 bytes).
    Removing stm32g4xx_hal_pwr_ex.o(i.HAL_PWREx_DisableInternalWakeUpLine), (16 bytes).
    Removing stm32g4xx_hal_pwr_ex.o(i.HAL_PWREx_DisableLowPowerRunMode), (64 bytes).
    Removing stm32g4xx_hal_pwr_ex.o(i.HAL_PWREx_DisablePVM1), (16 bytes).
    Removing stm32g4xx_hal_pwr_ex.o(i.HAL_PWREx_DisablePVM2), (16 bytes).
    Removing stm32g4xx_hal_pwr_ex.o(i.HAL_PWREx_DisablePVM3), (16 bytes).
    Removing stm32g4xx_hal_pwr_ex.o(i.HAL_PWREx_DisablePVM4), (16 bytes).
    Removing stm32g4xx_hal_pwr_ex.o(i.HAL_PWREx_DisablePullUpPullDownConfig), (16 bytes).
    Removing stm32g4xx_hal_pwr_ex.o(i.HAL_PWREx_DisableSRAM2ContentRetention), (16 bytes).
    Removing stm32g4xx_hal_pwr_ex.o(i.HAL_PWREx_DisableUSBDeadBatteryPD), (16 bytes).
    Removing stm32g4xx_hal_pwr_ex.o(i.HAL_PWREx_DisableUSBStandByModePD), (16 bytes).
    Removing stm32g4xx_hal_pwr_ex.o(i.HAL_PWREx_EnableBatteryCharging), (28 bytes).
    Removing stm32g4xx_hal_pwr_ex.o(i.HAL_PWREx_EnableGPIOPullDown), (172 bytes).
    Removing stm32g4xx_hal_pwr_ex.o(i.HAL_PWREx_EnableGPIOPullUp), (168 bytes).
    Removing stm32g4xx_hal_pwr_ex.o(i.HAL_PWREx_EnableInternalWakeUpLine), (16 bytes).
    Removing stm32g4xx_hal_pwr_ex.o(i.HAL_PWREx_EnableLowPowerRunMode), (16 bytes).
    Removing stm32g4xx_hal_pwr_ex.o(i.HAL_PWREx_EnablePVM1), (16 bytes).
    Removing stm32g4xx_hal_pwr_ex.o(i.HAL_PWREx_EnablePVM2), (16 bytes).
    Removing stm32g4xx_hal_pwr_ex.o(i.HAL_PWREx_EnablePVM3), (16 bytes).
    Removing stm32g4xx_hal_pwr_ex.o(i.HAL_PWREx_EnablePVM4), (16 bytes).
    Removing stm32g4xx_hal_pwr_ex.o(i.HAL_PWREx_EnablePullUpPullDownConfig), (16 bytes).
    Removing stm32g4xx_hal_pwr_ex.o(i.HAL_PWREx_EnableSRAM2ContentRetention), (16 bytes).
    Removing stm32g4xx_hal_pwr_ex.o(i.HAL_PWREx_EnableUSBDeadBatteryPD), (16 bytes).
    Removing stm32g4xx_hal_pwr_ex.o(i.HAL_PWREx_EnableUSBStandByModePD), (16 bytes).
    Removing stm32g4xx_hal_pwr_ex.o(i.HAL_PWREx_EnterSHUTDOWNMode), (36 bytes).
    Removing stm32g4xx_hal_pwr_ex.o(i.HAL_PWREx_EnterSTOP0Mode), (52 bytes).
    Removing stm32g4xx_hal_pwr_ex.o(i.HAL_PWREx_EnterSTOP1Mode), (56 bytes).
    Removing stm32g4xx_hal_pwr_ex.o(i.HAL_PWREx_GetVoltageRange), (40 bytes).
    Removing stm32g4xx_hal_pwr_ex.o(i.HAL_PWREx_PVD_PVM_IRQHandler), (100 bytes).
    Removing stm32g4xx_hal_pwr_ex.o(i.HAL_PWREx_PVM1Callback), (2 bytes).
    Removing stm32g4xx_hal_pwr_ex.o(i.HAL_PWREx_PVM2Callback), (2 bytes).
    Removing stm32g4xx_hal_pwr_ex.o(i.HAL_PWREx_PVM3Callback), (2 bytes).
    Removing stm32g4xx_hal_pwr_ex.o(i.HAL_PWREx_PVM4Callback), (2 bytes).
    Removing stm32g4xx_hal_iwdg.o(.rev16_text), (4 bytes).
    Removing stm32g4xx_hal_iwdg.o(.revsh_text), (4 bytes).
    Removing stm32g4xx_hal_iwdg.o(.rrx_text), (6 bytes).
    Removing stm32g4xx_hal_iwdg.o(i.HAL_IWDG_Init), (96 bytes).
    Removing stm32g4xx_hal_iwdg.o(i.HAL_IWDG_Refresh), (12 bytes).
    Removing stm32g4xx_hal_wwdg.o(.rev16_text), (4 bytes).
    Removing stm32g4xx_hal_wwdg.o(.revsh_text), (4 bytes).
    Removing stm32g4xx_hal_wwdg.o(.rrx_text), (6 bytes).
    Removing stm32g4xx_hal_wwdg.o(i.HAL_WWDG_EarlyWakeupCallback), (2 bytes).
    Removing stm32g4xx_hal_wwdg.o(i.HAL_WWDG_IRQHandler), (32 bytes).
    Removing stm32g4xx_hal_wwdg.o(i.HAL_WWDG_Init), (44 bytes).
    Removing stm32g4xx_hal_wwdg.o(i.HAL_WWDG_MspInit), (2 bytes).
    Removing stm32g4xx_hal_wwdg.o(i.HAL_WWDG_Refresh), (10 bytes).
    Removing stm32g4xx_hal_dac.o(.rev16_text), (4 bytes).
    Removing stm32g4xx_hal_dac.o(.revsh_text), (4 bytes).
    Removing stm32g4xx_hal_dac.o(.rrx_text), (6 bytes).
    Removing stm32g4xx_hal_dac.o(i.DAC_DMAConvCpltCh1), (16 bytes).
    Removing stm32g4xx_hal_dac.o(i.DAC_DMAErrorCh1), (24 bytes).
    Removing stm32g4xx_hal_dac.o(i.DAC_DMAHalfConvCpltCh1), (10 bytes).
    Removing stm32g4xx_hal_dac.o(i.HAL_DAC_ConfigChannel), (472 bytes).
    Removing stm32g4xx_hal_dac.o(i.HAL_DAC_ConvCpltCallbackCh1), (2 bytes).
    Removing stm32g4xx_hal_dac.o(i.HAL_DAC_ConvHalfCpltCallbackCh1), (2 bytes).
    Removing stm32g4xx_hal_dac.o(i.HAL_DAC_DMAUnderrunCallbackCh1), (2 bytes).
    Removing stm32g4xx_hal_dac.o(i.HAL_DAC_DeInit), (32 bytes).
    Removing stm32g4xx_hal_dac.o(i.HAL_DAC_ErrorCallbackCh1), (2 bytes).
    Removing stm32g4xx_hal_dac.o(i.HAL_DAC_GetError), (4 bytes).
    Removing stm32g4xx_hal_dac.o(i.HAL_DAC_GetState), (4 bytes).
    Removing stm32g4xx_hal_dac.o(i.HAL_DAC_GetValue), (12 bytes).
    Removing stm32g4xx_hal_dac.o(i.HAL_DAC_IRQHandler), (112 bytes).
    Removing stm32g4xx_hal_dac.o(i.HAL_DAC_Init), (40 bytes).
    Removing stm32g4xx_hal_dac.o(i.HAL_DAC_MspDeInit), (2 bytes).
    Removing stm32g4xx_hal_dac.o(i.HAL_DAC_MspInit), (2 bytes).
    Removing stm32g4xx_hal_dac.o(i.HAL_DAC_SetValue), (30 bytes).
    Removing stm32g4xx_hal_dac.o(i.HAL_DAC_Start), (98 bytes).
    Removing stm32g4xx_hal_dac.o(i.HAL_DAC_Start_DMA), (276 bytes).
    Removing stm32g4xx_hal_dac.o(i.HAL_DAC_Stop), (36 bytes).
    Removing stm32g4xx_hal_dac.o(i.HAL_DAC_Stop_DMA), (92 bytes).
    Removing stm32g4xx_hal_dac_ex.o(.rev16_text), (4 bytes).
    Removing stm32g4xx_hal_dac_ex.o(.revsh_text), (4 bytes).
    Removing stm32g4xx_hal_dac_ex.o(.rrx_text), (6 bytes).
    Removing stm32g4xx_hal_dac_ex.o(i.DAC_DMAConvCpltCh2), (16 bytes).
    Removing stm32g4xx_hal_dac_ex.o(i.DAC_DMAErrorCh2), (24 bytes).
    Removing stm32g4xx_hal_dac_ex.o(i.DAC_DMAHalfConvCpltCh2), (10 bytes).
    Removing stm32g4xx_hal_dac_ex.o(i.HAL_DACEx_ConvCpltCallbackCh2), (2 bytes).
    Removing stm32g4xx_hal_dac_ex.o(i.HAL_DACEx_ConvHalfCpltCallbackCh2), (2 bytes).
    Removing stm32g4xx_hal_dac_ex.o(i.HAL_DACEx_DMAUnderrunCallbackCh2), (2 bytes).
    Removing stm32g4xx_hal_dac_ex.o(i.HAL_DACEx_DualGetValue), (12 bytes).
    Removing stm32g4xx_hal_dac_ex.o(i.HAL_DACEx_DualSetValue), (22 bytes).
    Removing stm32g4xx_hal_dac_ex.o(i.HAL_DACEx_DualStart), (94 bytes).
    Removing stm32g4xx_hal_dac_ex.o(i.HAL_DACEx_DualStart_DMA), (236 bytes).
    Removing stm32g4xx_hal_dac_ex.o(i.HAL_DACEx_DualStop), (38 bytes).
    Removing stm32g4xx_hal_dac_ex.o(i.HAL_DACEx_DualStop_DMA), (88 bytes).
    Removing stm32g4xx_hal_dac_ex.o(i.HAL_DACEx_ErrorCallbackCh2), (2 bytes).
    Removing stm32g4xx_hal_dac_ex.o(i.HAL_DACEx_GetTrimOffset), (20 bytes).
    Removing stm32g4xx_hal_dac_ex.o(i.HAL_DACEx_NoiseWaveGenerate), (70 bytes).
    Removing stm32g4xx_hal_dac_ex.o(i.HAL_DACEx_SawtoothWaveDataReset), (78 bytes).
    Removing stm32g4xx_hal_dac_ex.o(i.HAL_DACEx_SawtoothWaveDataStep), (78 bytes).
    Removing stm32g4xx_hal_dac_ex.o(i.HAL_DACEx_SawtoothWaveGenerate), (92 bytes).
    Removing stm32g4xx_hal_dac_ex.o(i.HAL_DACEx_SelfCalibrate), (274 bytes).
    Removing stm32g4xx_hal_dac_ex.o(i.HAL_DACEx_SetUserTrimming), (68 bytes).
    Removing stm32g4xx_hal_dac_ex.o(i.HAL_DACEx_TriangleWaveGenerate), (70 bytes).
    Removing stm32g4xx_hal_comp.o(.rev16_text), (4 bytes).
    Removing stm32g4xx_hal_comp.o(.revsh_text), (4 bytes).
    Removing stm32g4xx_hal_comp.o(.rrx_text), (6 bytes).
    Removing stm32g4xx_hal_comp.o(i.HAL_COMP_DeInit), (46 bytes).
    Removing stm32g4xx_hal_comp.o(i.HAL_COMP_GetError), (4 bytes).
    Removing stm32g4xx_hal_comp.o(i.HAL_COMP_GetOutputLevel), (10 bytes).
    Removing stm32g4xx_hal_comp.o(i.HAL_COMP_GetState), (10 bytes).
    Removing stm32g4xx_hal_comp.o(i.HAL_COMP_IRQHandler), (156 bytes).
    Removing stm32g4xx_hal_comp.o(i.HAL_COMP_Init), (692 bytes).
    Removing stm32g4xx_hal_comp.o(i.HAL_COMP_Lock), (58 bytes).
    Removing stm32g4xx_hal_comp.o(i.HAL_COMP_MspDeInit), (2 bytes).
    Removing stm32g4xx_hal_comp.o(i.HAL_COMP_MspInit), (2 bytes).
    Removing stm32g4xx_hal_comp.o(i.HAL_COMP_Start), (156 bytes).
    Removing stm32g4xx_hal_comp.o(i.HAL_COMP_Stop), (42 bytes).
    Removing stm32g4xx_hal_comp.o(i.HAL_COMP_TriggerCallback), (2 bytes).
    Removing stm32g4xx_hal_hrtim.o(.rev16_text), (4 bytes).
    Removing stm32g4xx_hal_hrtim.o(.revsh_text), (4 bytes).
    Removing stm32g4xx_hal_hrtim.o(.rrx_text), (6 bytes).
    Removing stm32g4xx_hal_hrtim.o(i.HAL_HRTIM_ADCPostScalerConfig), (268 bytes).
    Removing stm32g4xx_hal_hrtim.o(i.HAL_HRTIM_BurstDMAConfig), (150 bytes).
    Removing stm32g4xx_hal_hrtim.o(i.HAL_HRTIM_BurstDMATransfer), (152 bytes).
    Removing stm32g4xx_hal_hrtim.o(i.HAL_HRTIM_BurstDMATransferCallback), (2 bytes).
    Removing stm32g4xx_hal_hrtim.o(i.HAL_HRTIM_BurstModeConfig), (134 bytes).
    Removing stm32g4xx_hal_hrtim.o(i.HAL_HRTIM_BurstModeCtl), (68 bytes).
    Removing stm32g4xx_hal_hrtim.o(i.HAL_HRTIM_BurstModePeriodCallback), (2 bytes).
    Removing stm32g4xx_hal_hrtim.o(i.HAL_HRTIM_BurstModeSoftwareTrigger), (64 bytes).
    Removing stm32g4xx_hal_hrtim.o(i.HAL_HRTIM_Capture1EventCallback), (2 bytes).
    Removing stm32g4xx_hal_hrtim.o(i.HAL_HRTIM_Capture2EventCallback), (2 bytes).
    Removing stm32g4xx_hal_hrtim.o(i.HAL_HRTIM_ChopperModeConfig), (102 bytes).
    Removing stm32g4xx_hal_hrtim.o(i.HAL_HRTIM_Compare1EventCallback), (2 bytes).
    Removing stm32g4xx_hal_hrtim.o(i.HAL_HRTIM_Compare2EventCallback), (2 bytes).
    Removing stm32g4xx_hal_hrtim.o(i.HAL_HRTIM_Compare3EventCallback), (2 bytes).
    Removing stm32g4xx_hal_hrtim.o(i.HAL_HRTIM_Compare4EventCallback), (2 bytes).
    Removing stm32g4xx_hal_hrtim.o(i.HAL_HRTIM_CounterResetCallback), (2 bytes).
    Removing stm32g4xx_hal_hrtim.o(i.HAL_HRTIM_DLLCalibrationReadyCallback), (2 bytes).
    Removing stm32g4xx_hal_hrtim.o(i.HAL_HRTIM_DLLCalibrationStart), (108 bytes).
    Removing stm32g4xx_hal_hrtim.o(i.HAL_HRTIM_DLLCalibrationStart_IT), (122 bytes).
    Removing stm32g4xx_hal_hrtim.o(i.HAL_HRTIM_DeInit), (34 bytes).
    Removing stm32g4xx_hal_hrtim.o(i.HAL_HRTIM_DelayedProtectionCallback), (2 bytes).
    Removing stm32g4xx_hal_hrtim.o(i.HAL_HRTIM_ErrorCallback), (2 bytes).
    Removing stm32g4xx_hal_hrtim.o(i.HAL_HRTIM_EventConfig), (56 bytes).
    Removing stm32g4xx_hal_hrtim.o(i.HAL_HRTIM_EventPrescalerConfig), (64 bytes).
    Removing stm32g4xx_hal_hrtim.o(i.HAL_HRTIM_ExtEventCounterConfig), (180 bytes).
    Removing stm32g4xx_hal_hrtim.o(i.HAL_HRTIM_ExtEventCounterDisable), (102 bytes).
    Removing stm32g4xx_hal_hrtim.o(i.HAL_HRTIM_ExtEventCounterEnable), (102 bytes).
    Removing stm32g4xx_hal_hrtim.o(i.HAL_HRTIM_ExtEventCounterReset), (102 bytes).
    Removing stm32g4xx_hal_hrtim.o(i.HAL_HRTIM_Fault1Callback), (2 bytes).
    Removing stm32g4xx_hal_hrtim.o(i.HAL_HRTIM_Fault2Callback), (2 bytes).
    Removing stm32g4xx_hal_hrtim.o(i.HAL_HRTIM_Fault3Callback), (2 bytes).
    Removing stm32g4xx_hal_hrtim.o(i.HAL_HRTIM_Fault4Callback), (2 bytes).
    Removing stm32g4xx_hal_hrtim.o(i.HAL_HRTIM_Fault5Callback), (2 bytes).
    Removing stm32g4xx_hal_hrtim.o(i.HAL_HRTIM_Fault6Callback), (2 bytes).
    Removing stm32g4xx_hal_hrtim.o(i.HAL_HRTIM_FaultBlankingConfigAndEnable), (248 bytes).
    Removing stm32g4xx_hal_hrtim.o(i.HAL_HRTIM_FaultConfig), (512 bytes).
    Removing stm32g4xx_hal_hrtim.o(i.HAL_HRTIM_FaultCounterConfig), (276 bytes).
    Removing stm32g4xx_hal_hrtim.o(i.HAL_HRTIM_FaultCounterReset), (180 bytes).
    Removing stm32g4xx_hal_hrtim.o(i.HAL_HRTIM_FaultModeCtl), (124 bytes).
    Removing stm32g4xx_hal_hrtim.o(i.HAL_HRTIM_FaultPrescalerConfig), (72 bytes).
    Removing stm32g4xx_hal_hrtim.o(i.HAL_HRTIM_GetBurstStatus), (12 bytes).
    Removing stm32g4xx_hal_hrtim.o(i.HAL_HRTIM_GetCaptured), (74 bytes).
    Removing stm32g4xx_hal_hrtim.o(i.HAL_HRTIM_GetCapturedDir), (60 bytes).
    Removing stm32g4xx_hal_hrtim.o(i.HAL_HRTIM_GetCapturedValue), (56 bytes).
    Removing stm32g4xx_hal_hrtim.o(i.HAL_HRTIM_GetCurrentPushPullStatus), (16 bytes).
    Removing stm32g4xx_hal_hrtim.o(i.HAL_HRTIM_GetDelayedProtectionStatus), (136 bytes).
    Removing stm32g4xx_hal_hrtim.o(i.HAL_HRTIM_GetIdlePushPullStatus), (16 bytes).
    Removing stm32g4xx_hal_hrtim.o(i.HAL_HRTIM_GetState), (6 bytes).
    Removing stm32g4xx_hal_hrtim.o(i.HAL_HRTIM_IRQHandler), (1084 bytes).
    Removing stm32g4xx_hal_hrtim.o(i.HAL_HRTIM_MspDeInit), (2 bytes).
    Removing stm32g4xx_hal_hrtim.o(i.HAL_HRTIM_Output1ResetCallback), (2 bytes).
    Removing stm32g4xx_hal_hrtim.o(i.HAL_HRTIM_Output1SetCallback), (2 bytes).
    Removing stm32g4xx_hal_hrtim.o(i.HAL_HRTIM_Output2ResetCallback), (2 bytes).
    Removing stm32g4xx_hal_hrtim.o(i.HAL_HRTIM_Output2SetCallback), (2 bytes).
    Removing stm32g4xx_hal_hrtim.o(i.HAL_HRTIM_OutputSwapDisable), (64 bytes).
    Removing stm32g4xx_hal_hrtim.o(i.HAL_HRTIM_OutputSwapEnable), (64 bytes).
    Removing stm32g4xx_hal_hrtim.o(i.HAL_HRTIM_PollForDLLCalibration), (78 bytes).
    Removing stm32g4xx_hal_hrtim.o(i.HAL_HRTIM_RegistersUpdateCallback), (2 bytes).
    Removing stm32g4xx_hal_hrtim.o(i.HAL_HRTIM_RepetitionEventCallback), (2 bytes).
    Removing stm32g4xx_hal_hrtim.o(i.HAL_HRTIM_RollOverModeConfig), (92 bytes).
    Removing stm32g4xx_hal_hrtim.o(i.HAL_HRTIM_SimpleBaseStart_DMA), (220 bytes).
    Removing stm32g4xx_hal_hrtim.o(i.HAL_HRTIM_SimpleBaseStart_IT), (96 bytes).
    Removing stm32g4xx_hal_hrtim.o(i.HAL_HRTIM_SimpleBaseStop), (252 bytes).
    Removing stm32g4xx_hal_hrtim.o(i.HAL_HRTIM_SimpleBaseStop_DMA), (344 bytes).
    Removing stm32g4xx_hal_hrtim.o(i.HAL_HRTIM_SimpleBaseStop_IT), (288 bytes).
    Removing stm32g4xx_hal_hrtim.o(i.HAL_HRTIM_SimpleCaptureChannelConfig), (210 bytes).
    Removing stm32g4xx_hal_hrtim.o(i.HAL_HRTIM_SimpleCaptureStart), (132 bytes).
    Removing stm32g4xx_hal_hrtim.o(i.HAL_HRTIM_SimpleCaptureStart_DMA), (232 bytes).
    Removing stm32g4xx_hal_hrtim.o(i.HAL_HRTIM_SimpleCaptureStart_IT), (172 bytes).
    Removing stm32g4xx_hal_hrtim.o(i.HAL_HRTIM_SimpleCaptureStop), (320 bytes).
    Removing stm32g4xx_hal_hrtim.o(i.HAL_HRTIM_SimpleCaptureStop_DMA), (384 bytes).
    Removing stm32g4xx_hal_hrtim.o(i.HAL_HRTIM_SimpleCaptureStop_IT), (352 bytes).
    Removing stm32g4xx_hal_hrtim.o(i.HAL_HRTIM_SimpleOCChannelConfig), (308 bytes).
    Removing stm32g4xx_hal_hrtim.o(i.HAL_HRTIM_SimpleOCStart_DMA), (408 bytes).
    Removing stm32g4xx_hal_hrtim.o(i.HAL_HRTIM_SimpleOCStart_IT), (300 bytes).
    Removing stm32g4xx_hal_hrtim.o(i.HAL_HRTIM_SimpleOCStop), (264 bytes).
    Removing stm32g4xx_hal_hrtim.o(i.HAL_HRTIM_SimpleOCStop_DMA), (516 bytes).
    Removing stm32g4xx_hal_hrtim.o(i.HAL_HRTIM_SimpleOCStop_IT), (508 bytes).
    Removing stm32g4xx_hal_hrtim.o(i.HAL_HRTIM_SimpleOnePulseChannelConfig), (452 bytes).
    Removing stm32g4xx_hal_hrtim.o(i.HAL_HRTIM_SimpleOnePulseStart), (80 bytes).
    Removing stm32g4xx_hal_hrtim.o(i.HAL_HRTIM_SimpleOnePulseStart_IT), (196 bytes).
    Removing stm32g4xx_hal_hrtim.o(i.HAL_HRTIM_SimpleOnePulseStop), (264 bytes).
    Removing stm32g4xx_hal_hrtim.o(i.HAL_HRTIM_SimpleOnePulseStop_IT), (388 bytes).
    Removing stm32g4xx_hal_hrtim.o(i.HAL_HRTIM_SimplePWMChannelConfig), (252 bytes).
    Removing stm32g4xx_hal_hrtim.o(i.HAL_HRTIM_SimplePWMStart_DMA), (316 bytes).
    Removing stm32g4xx_hal_hrtim.o(i.HAL_HRTIM_SimplePWMStart_IT), (196 bytes).
    Removing stm32g4xx_hal_hrtim.o(i.HAL_HRTIM_SimplePWMStop), (264 bytes).
    Removing stm32g4xx_hal_hrtim.o(i.HAL_HRTIM_SimplePWMStop_DMA), (424 bytes).
    Removing stm32g4xx_hal_hrtim.o(i.HAL_HRTIM_SimplePWMStop_IT), (388 bytes).
    Removing stm32g4xx_hal_hrtim.o(i.HAL_HRTIM_SoftwareCapture), (128 bytes).
    Removing stm32g4xx_hal_hrtim.o(i.HAL_HRTIM_SoftwareReset), (52 bytes).
    Removing stm32g4xx_hal_hrtim.o(i.HAL_HRTIM_SoftwareUpdate), (64 bytes).
    Removing stm32g4xx_hal_hrtim.o(i.HAL_HRTIM_SwapTimerOutput), (64 bytes).
    Removing stm32g4xx_hal_hrtim.o(i.HAL_HRTIM_SynchronizationEventCallback), (2 bytes).
    Removing stm32g4xx_hal_hrtim.o(i.HAL_HRTIM_SystemFaultCallback), (2 bytes).
    Removing stm32g4xx_hal_hrtim.o(i.HAL_HRTIM_TimerDualChannelDacConfig), (102 bytes).
    Removing stm32g4xx_hal_hrtim.o(i.HAL_HRTIM_TimerEventFilteringConfig), (440 bytes).
    Removing stm32g4xx_hal_hrtim.o(i.HAL_HRTIM_UpdateDisable), (52 bytes).
    Removing stm32g4xx_hal_hrtim.o(i.HAL_HRTIM_UpdateEnable), (52 bytes).
    Removing stm32g4xx_hal_hrtim.o(i.HAL_HRTIM_WaveformCaptureConfig), (192 bytes).
    Removing stm32g4xx_hal_hrtim.o(i.HAL_HRTIM_WaveformCountStart), (50 bytes).
    Removing stm32g4xx_hal_hrtim.o(i.HAL_HRTIM_WaveformCountStart_DMA), (252 bytes).
    Removing stm32g4xx_hal_hrtim.o(i.HAL_HRTIM_WaveformCountStart_IT), (148 bytes).
    Removing stm32g4xx_hal_hrtim.o(i.HAL_HRTIM_WaveformCountStop), (50 bytes).
    Removing stm32g4xx_hal_hrtim.o(i.HAL_HRTIM_WaveformCountStop_DMA), (344 bytes).
    Removing stm32g4xx_hal_hrtim.o(i.HAL_HRTIM_WaveformCountStop_IT), (248 bytes).
    Removing stm32g4xx_hal_hrtim.o(i.HAL_HRTIM_WaveformGetOutputLevel), (136 bytes).
    Removing stm32g4xx_hal_hrtim.o(i.HAL_HRTIM_WaveformGetOutputState), (176 bytes).
    Removing stm32g4xx_hal_hrtim.o(i.HAL_HRTIM_WaveformOutputStart), (52 bytes).
    Removing stm32g4xx_hal_hrtim.o(i.HAL_HRTIM_WaveformOutputStop), (52 bytes).
    Removing stm32g4xx_hal_hrtim.o(i.HRTIM_BurstDMACplt), (98 bytes).
    Removing stm32g4xx_hal_hrtim.o(i.HRTIM_DMAError), (10 bytes).
    Removing stm32g4xx_hal_hrtim.o(i.HRTIM_DMAMasterCplt), (116 bytes).
    Removing stm32g4xx_hal_hrtim.o(i.HRTIM_DMATimerxCplt), (350 bytes).
    Removing stm32g4xx_hal_hrtim.o(i.HRTIM_EventConfig), (836 bytes).
    Removing stm32g4xx_hal_hrtim.o(i.HRTIM_GetDMAHandleFromTimerIdx), (64 bytes).
    Removing stm32g4xx_hal_cordic.o(.rev16_text), (4 bytes).
    Removing stm32g4xx_hal_cordic.o(.revsh_text), (4 bytes).
    Removing stm32g4xx_hal_cordic.o(.rrx_text), (6 bytes).
    Removing stm32g4xx_hal_cordic.o(i.CORDIC_DMAError), (24 bytes).
    Removing stm32g4xx_hal_cordic.o(i.CORDIC_DMAInCplt), (38 bytes).
    Removing stm32g4xx_hal_cordic.o(i.CORDIC_DMAOutCplt), (30 bytes).
    Removing stm32g4xx_hal_cordic.o(i.HAL_CORDIC_Calculate), (230 bytes).
    Removing stm32g4xx_hal_cordic.o(i.HAL_CORDIC_CalculateCpltCallback), (2 bytes).
    Removing stm32g4xx_hal_cordic.o(i.HAL_CORDIC_CalculateZO), (220 bytes).
    Removing stm32g4xx_hal_cordic.o(i.HAL_CORDIC_Calculate_DMA), (240 bytes).
    Removing stm32g4xx_hal_cordic.o(i.HAL_CORDIC_Calculate_IT), (134 bytes).
    Removing stm32g4xx_hal_cordic.o(i.HAL_CORDIC_Configure), (96 bytes).
    Removing stm32g4xx_hal_cordic.o(i.HAL_CORDIC_DeInit), (48 bytes).
    Removing stm32g4xx_hal_cordic.o(i.HAL_CORDIC_ErrorCallback), (2 bytes).
    Removing stm32g4xx_hal_cordic.o(i.HAL_CORDIC_GetError), (4 bytes).
    Removing stm32g4xx_hal_cordic.o(i.HAL_CORDIC_GetState), (6 bytes).
    Removing stm32g4xx_hal_cordic.o(i.HAL_CORDIC_IRQHandler), (130 bytes).
    Removing stm32g4xx_hal_cordic.o(i.HAL_CORDIC_Init), (52 bytes).
    Removing stm32g4xx_hal_cordic.o(i.HAL_CORDIC_MspDeInit), (2 bytes).
    Removing stm32g4xx_hal_cordic.o(i.HAL_CORDIC_MspInit), (2 bytes).
    Removing stm32g4xx_hal_opamp.o(.rev16_text), (4 bytes).
    Removing stm32g4xx_hal_opamp.o(.revsh_text), (4 bytes).
    Removing stm32g4xx_hal_opamp.o(.rrx_text), (6 bytes).
    Removing stm32g4xx_hal_opamp.o(i.HAL_OPAMP_DeInit), (60 bytes).
    Removing stm32g4xx_hal_opamp.o(i.HAL_OPAMP_GetState), (10 bytes).
    Removing stm32g4xx_hal_opamp.o(i.HAL_OPAMP_GetTrimOffset), (124 bytes).
    Removing stm32g4xx_hal_opamp.o(i.HAL_OPAMP_Init), (236 bytes).
    Removing stm32g4xx_hal_opamp.o(i.HAL_OPAMP_Lock), (36 bytes).
    Removing stm32g4xx_hal_opamp.o(i.HAL_OPAMP_LockTimerMux), (42 bytes).
    Removing stm32g4xx_hal_opamp.o(i.HAL_OPAMP_MspDeInit), (2 bytes).
    Removing stm32g4xx_hal_opamp.o(i.HAL_OPAMP_MspInit), (2 bytes).
    Removing stm32g4xx_hal_opamp.o(i.HAL_OPAMP_SelfCalibrate), (342 bytes).
    Removing stm32g4xx_hal_opamp.o(i.HAL_OPAMP_Start), (46 bytes).
    Removing stm32g4xx_hal_opamp.o(i.HAL_OPAMP_Stop), (52 bytes).
    Removing stm32g4xx_hal_opamp_ex.o(.rev16_text), (4 bytes).
    Removing stm32g4xx_hal_opamp_ex.o(.revsh_text), (4 bytes).
    Removing stm32g4xx_hal_opamp_ex.o(.rrx_text), (6 bytes).
    Removing stm32g4xx_hal_opamp_ex.o(i.HAL_OPAMPEx_SelfCalibrateAll), (2060 bytes).
    Removing stm32g4xx_hal_rng.o(.rev16_text), (4 bytes).
    Removing stm32g4xx_hal_rng.o(.revsh_text), (4 bytes).
    Removing stm32g4xx_hal_rng.o(.rrx_text), (6 bytes).
    Removing stm32g4xx_hal_rng.o(i.HAL_RNG_DeInit), (58 bytes).
    Removing stm32g4xx_hal_rng.o(i.HAL_RNG_ErrorCallback), (2 bytes).
    Removing stm32g4xx_hal_rng.o(i.HAL_RNG_GenerateRandomNumber), (126 bytes).
    Removing stm32g4xx_hal_rng.o(i.HAL_RNG_GenerateRandomNumber_IT), (48 bytes).
    Removing stm32g4xx_hal_rng.o(i.HAL_RNG_GetError), (4 bytes).
    Removing stm32g4xx_hal_rng.o(i.HAL_RNG_GetState), (4 bytes).
    Removing stm32g4xx_hal_rng.o(i.HAL_RNG_IRQHandler), (90 bytes).
    Removing stm32g4xx_hal_rng.o(i.HAL_RNG_Init), (64 bytes).
    Removing stm32g4xx_hal_rng.o(i.HAL_RNG_MspDeInit), (2 bytes).
    Removing stm32g4xx_hal_rng.o(i.HAL_RNG_MspInit), (2 bytes).
    Removing stm32g4xx_hal_rng.o(i.HAL_RNG_ReadLastRandomNumber), (4 bytes).
    Removing stm32g4xx_hal_rng.o(i.HAL_RNG_ReadyDataCallback), (2 bytes).
    Removing startup_stm32g474xx.o(HEAP), (512 bytes).
    Removing clock_config.o(.rev16_text), (4 bytes).
    Removing clock_config.o(.revsh_text), (4 bytes).
    Removing clock_config.o(.rrx_text), (6 bytes).
    Removing clock_config.o(i.SystemClock_Config_HSI), (156 bytes).
    Removing delay.o(.rev16_text), (4 bytes).
    Removing delay.o(.revsh_text), (4 bytes).
    Removing delay.o(.rrx_text), (6 bytes).
    Removing int.o(.rev16_text), (4 bytes).
    Removing int.o(.revsh_text), (4 bytes).
    Removing int.o(.rrx_text), (6 bytes).
    Removing adc.o(.rev16_text), (4 bytes).
    Removing adc.o(.revsh_text), (4 bytes).
    Removing adc.o(.rrx_text), (6 bytes).
    Removing hrtim.o(.rev16_text), (4 bytes).
    Removing hrtim.o(.revsh_text), (4 bytes).
    Removing hrtim.o(.rrx_text), (6 bytes).
    Removing pid.o(.rev16_text), (4 bytes).
    Removing pid.o(.revsh_text), (4 bytes).
    Removing pid.o(.rrx_text), (6 bytes).
    Removing rgb.o(.rev16_text), (4 bytes).
    Removing rgb.o(.revsh_text), (4 bytes).
    Removing rgb.o(.rrx_text), (6 bytes).
    Removing rgb.o(i.POWER_BOARD_Green_ON), (16 bytes).
    Removing rgb.o(i.POWER_BOARD_RED_ON), (16 bytes).
    Removing state_machine.o(.rev16_text), (4 bytes).
    Removing state_machine.o(.revsh_text), (4 bytes).
    Removing state_machine.o(.rrx_text), (6 bytes).
    Removing state_machine.o(i.Reset_VAR), (136 bytes).
    Removing main.o(.rev16_text), (4 bytes).
    Removing main.o(.revsh_text), (4 bytes).
    Removing main.o(.rrx_text), (6 bytes).
    Removing stm32g4xx_hal_msp.o(.rev16_text), (4 bytes).
    Removing stm32g4xx_hal_msp.o(.revsh_text), (4 bytes).
    Removing stm32g4xx_hal_msp.o(.rrx_text), (6 bytes).
    Removing stm32g4xx_hal_msp.o(i.HAL_MspDeInit), (2 bytes).
    Removing stm32g4xx_it.o(.rev16_text), (4 bytes).
    Removing stm32g4xx_it.o(.revsh_text), (4 bytes).
    Removing stm32g4xx_it.o(.rrx_text), (6 bytes).
    Removing system_stm32g4xx.o(.rev16_text), (4 bytes).
    Removing system_stm32g4xx.o(.revsh_text), (4 bytes).
    Removing system_stm32g4xx.o(.rrx_text), (6 bytes).
    Removing system_stm32g4xx.o(.constdata), (8 bytes).
    Removing stm32g4xx_nucleo.o(.rev16_text), (4 bytes).
    Removing stm32g4xx_nucleo.o(.revsh_text), (4 bytes).
    Removing stm32g4xx_nucleo.o(.rrx_text), (6 bytes).
    Removing stm32g4xx_nucleo.o(i.BSP_GetVersion), (6 bytes).
    Removing stm32g4xx_nucleo.o(i.BSP_LED_DeInit), (48 bytes).
    Removing stm32g4xx_nucleo.o(i.BSP_LED_GetState), (24 bytes).
    Removing stm32g4xx_nucleo.o(i.BSP_LED_Init), (88 bytes).
    Removing stm32g4xx_nucleo.o(i.BSP_LED_Off), (32 bytes).
    Removing stm32g4xx_nucleo.o(i.BSP_LED_On), (32 bytes).
    Removing stm32g4xx_nucleo.o(i.BSP_LED_Toggle), (32 bytes).
    Removing stm32g4xx_nucleo.o(.constdata), (2 bytes).
    Removing stm32g4xx_nucleo.o(.data), (4 bytes).

923 unused section(s) (total 86052 bytes) removed from the image.

==============================================================================

Image Symbol Table

    Local Symbols

    Symbol Name                              Value     Ov Type        Size  Object(Section)

    ../clib/microlib/division.c              0x00000000   Number         0  uldiv.o ABSOLUTE
    ../clib/microlib/init/entry.s            0x00000000   Number         0  entry11b.o ABSOLUTE
    ../clib/microlib/init/entry.s            0x00000000   Number         0  entry7a.o ABSOLUTE
    ../clib/microlib/init/entry.s            0x00000000   Number         0  entry11a.o ABSOLUTE
    ../clib/microlib/init/entry.s            0x00000000   Number         0  entry10b.o ABSOLUTE
    ../clib/microlib/init/entry.s            0x00000000   Number         0  entry.o ABSOLUTE
    ../clib/microlib/init/entry.s            0x00000000   Number         0  entry10a.o ABSOLUTE
    ../clib/microlib/init/entry.s            0x00000000   Number         0  entry9b.o ABSOLUTE
    ../clib/microlib/init/entry.s            0x00000000   Number         0  entry9a.o ABSOLUTE
    ../clib/microlib/init/entry.s            0x00000000   Number         0  entry8b.o ABSOLUTE
    ../clib/microlib/init/entry.s            0x00000000   Number         0  entry8a.o ABSOLUTE
    ../clib/microlib/init/entry.s            0x00000000   Number         0  entry2.o ABSOLUTE
    ../clib/microlib/init/entry.s            0x00000000   Number         0  entry7b.o ABSOLUTE
    ../clib/microlib/init/entry.s            0x00000000   Number         0  entry5.o ABSOLUTE
    ../clib/microlib/longlong.c              0x00000000   Number         0  llushr.o ABSOLUTE
    ../clib/microlib/longlong.c              0x00000000   Number         0  llshl.o ABSOLUTE
    ../clib/microlib/string/memset.c         0x00000000   Number         0  memseta.o ABSOLUTE
    ..\HAL_lib\Src\stm32g4xx_hal.c           0x00000000   Number         0  stm32g4xx_hal.o ABSOLUTE
    ..\HAL_lib\Src\stm32g4xx_hal_adc.c       0x00000000   Number         0  stm32g4xx_hal_adc.o ABSOLUTE
    ..\HAL_lib\Src\stm32g4xx_hal_adc_ex.c    0x00000000   Number         0  stm32g4xx_hal_adc_ex.o ABSOLUTE
    ..\HAL_lib\Src\stm32g4xx_hal_comp.c      0x00000000   Number         0  stm32g4xx_hal_comp.o ABSOLUTE
    ..\HAL_lib\Src\stm32g4xx_hal_cordic.c    0x00000000   Number         0  stm32g4xx_hal_cordic.o ABSOLUTE
    ..\HAL_lib\Src\stm32g4xx_hal_cortex.c    0x00000000   Number         0  stm32g4xx_hal_cortex.o ABSOLUTE
    ..\HAL_lib\Src\stm32g4xx_hal_dac.c       0x00000000   Number         0  stm32g4xx_hal_dac.o ABSOLUTE
    ..\HAL_lib\Src\stm32g4xx_hal_dac_ex.c    0x00000000   Number         0  stm32g4xx_hal_dac_ex.o ABSOLUTE
    ..\HAL_lib\Src\stm32g4xx_hal_dma.c       0x00000000   Number         0  stm32g4xx_hal_dma.o ABSOLUTE
    ..\HAL_lib\Src\stm32g4xx_hal_dma_ex.c    0x00000000   Number         0  stm32g4xx_hal_dma_ex.o ABSOLUTE
    ..\HAL_lib\Src\stm32g4xx_hal_exti.c      0x00000000   Number         0  stm32g4xx_hal_exti.o ABSOLUTE
    ..\HAL_lib\Src\stm32g4xx_hal_gpio.c      0x00000000   Number         0  stm32g4xx_hal_gpio.o ABSOLUTE
    ..\HAL_lib\Src\stm32g4xx_hal_hrtim.c     0x00000000   Number         0  stm32g4xx_hal_hrtim.o ABSOLUTE
    ..\HAL_lib\Src\stm32g4xx_hal_iwdg.c      0x00000000   Number         0  stm32g4xx_hal_iwdg.o ABSOLUTE
    ..\HAL_lib\Src\stm32g4xx_hal_opamp.c     0x00000000   Number         0  stm32g4xx_hal_opamp.o ABSOLUTE
    ..\HAL_lib\Src\stm32g4xx_hal_opamp_ex.c  0x00000000   Number         0  stm32g4xx_hal_opamp_ex.o ABSOLUTE
    ..\HAL_lib\Src\stm32g4xx_hal_pwr.c       0x00000000   Number         0  stm32g4xx_hal_pwr.o ABSOLUTE
    ..\HAL_lib\Src\stm32g4xx_hal_pwr_ex.c    0x00000000   Number         0  stm32g4xx_hal_pwr_ex.o ABSOLUTE
    ..\HAL_lib\Src\stm32g4xx_hal_rcc.c       0x00000000   Number         0  stm32g4xx_hal_rcc.o ABSOLUTE
    ..\HAL_lib\Src\stm32g4xx_hal_rcc_ex.c    0x00000000   Number         0  stm32g4xx_hal_rcc_ex.o ABSOLUTE
    ..\HAL_lib\Src\stm32g4xx_hal_rng.c       0x00000000   Number         0  stm32g4xx_hal_rng.o ABSOLUTE
    ..\HAL_lib\Src\stm32g4xx_hal_rtc.c       0x00000000   Number         0  stm32g4xx_hal_rtc.o ABSOLUTE
    ..\HAL_lib\Src\stm32g4xx_hal_rtc_ex.c    0x00000000   Number         0  stm32g4xx_hal_rtc_ex.o ABSOLUTE
    ..\HAL_lib\Src\stm32g4xx_hal_tim.c       0x00000000   Number         0  stm32g4xx_hal_tim.o ABSOLUTE
    ..\HAL_lib\Src\stm32g4xx_hal_tim_ex.c    0x00000000   Number         0  stm32g4xx_hal_tim_ex.o ABSOLUTE
    ..\HAL_lib\Src\stm32g4xx_hal_uart.c      0x00000000   Number         0  stm32g4xx_hal_uart.o ABSOLUTE
    ..\HAL_lib\Src\stm32g4xx_hal_uart_ex.c   0x00000000   Number         0  stm32g4xx_hal_uart_ex.o ABSOLUTE
    ..\HAL_lib\Src\stm32g4xx_hal_usart.c     0x00000000   Number         0  stm32g4xx_hal_usart.o ABSOLUTE
    ..\HAL_lib\Src\stm32g4xx_hal_usart_ex.c  0x00000000   Number         0  stm32g4xx_hal_usart_ex.o ABSOLUTE
    ..\HAL_lib\Src\stm32g4xx_hal_wwdg.c      0x00000000   Number         0  stm32g4xx_hal_wwdg.o ABSOLUTE
    ..\MDK\startup_stm32g474xx.s             0x00000000   Number         0  startup_stm32g474xx.o ABSOLUTE
    ..\\HAL_lib\\Src\\stm32g4xx_hal.c        0x00000000   Number         0  stm32g4xx_hal.o ABSOLUTE
    ..\\HAL_lib\\Src\\stm32g4xx_hal_adc.c    0x00000000   Number         0  stm32g4xx_hal_adc.o ABSOLUTE
    ..\\HAL_lib\\Src\\stm32g4xx_hal_adc_ex.c 0x00000000   Number         0  stm32g4xx_hal_adc_ex.o ABSOLUTE
    ..\\HAL_lib\\Src\\stm32g4xx_hal_comp.c   0x00000000   Number         0  stm32g4xx_hal_comp.o ABSOLUTE
    ..\\HAL_lib\\Src\\stm32g4xx_hal_cordic.c 0x00000000   Number         0  stm32g4xx_hal_cordic.o ABSOLUTE
    ..\\HAL_lib\\Src\\stm32g4xx_hal_cortex.c 0x00000000   Number         0  stm32g4xx_hal_cortex.o ABSOLUTE
    ..\\HAL_lib\\Src\\stm32g4xx_hal_dac.c    0x00000000   Number         0  stm32g4xx_hal_dac.o ABSOLUTE
    ..\\HAL_lib\\Src\\stm32g4xx_hal_dac_ex.c 0x00000000   Number         0  stm32g4xx_hal_dac_ex.o ABSOLUTE
    ..\\HAL_lib\\Src\\stm32g4xx_hal_dma.c    0x00000000   Number         0  stm32g4xx_hal_dma.o ABSOLUTE
    ..\\HAL_lib\\Src\\stm32g4xx_hal_dma_ex.c 0x00000000   Number         0  stm32g4xx_hal_dma_ex.o ABSOLUTE
    ..\\HAL_lib\\Src\\stm32g4xx_hal_exti.c   0x00000000   Number         0  stm32g4xx_hal_exti.o ABSOLUTE
    ..\\HAL_lib\\Src\\stm32g4xx_hal_gpio.c   0x00000000   Number         0  stm32g4xx_hal_gpio.o ABSOLUTE
    ..\\HAL_lib\\Src\\stm32g4xx_hal_hrtim.c  0x00000000   Number         0  stm32g4xx_hal_hrtim.o ABSOLUTE
    ..\\HAL_lib\\Src\\stm32g4xx_hal_iwdg.c   0x00000000   Number         0  stm32g4xx_hal_iwdg.o ABSOLUTE
    ..\\HAL_lib\\Src\\stm32g4xx_hal_opamp.c  0x00000000   Number         0  stm32g4xx_hal_opamp.o ABSOLUTE
    ..\\HAL_lib\\Src\\stm32g4xx_hal_opamp_ex.c 0x00000000   Number         0  stm32g4xx_hal_opamp_ex.o ABSOLUTE
    ..\\HAL_lib\\Src\\stm32g4xx_hal_pwr.c    0x00000000   Number         0  stm32g4xx_hal_pwr.o ABSOLUTE
    ..\\HAL_lib\\Src\\stm32g4xx_hal_pwr_ex.c 0x00000000   Number         0  stm32g4xx_hal_pwr_ex.o ABSOLUTE
    ..\\HAL_lib\\Src\\stm32g4xx_hal_rcc.c    0x00000000   Number         0  stm32g4xx_hal_rcc.o ABSOLUTE
    ..\\HAL_lib\\Src\\stm32g4xx_hal_rcc_ex.c 0x00000000   Number         0  stm32g4xx_hal_rcc_ex.o ABSOLUTE
    ..\\HAL_lib\\Src\\stm32g4xx_hal_rng.c    0x00000000   Number         0  stm32g4xx_hal_rng.o ABSOLUTE
    ..\\HAL_lib\\Src\\stm32g4xx_hal_rtc.c    0x00000000   Number         0  stm32g4xx_hal_rtc.o ABSOLUTE
    ..\\HAL_lib\\Src\\stm32g4xx_hal_rtc_ex.c 0x00000000   Number         0  stm32g4xx_hal_rtc_ex.o ABSOLUTE
    ..\\HAL_lib\\Src\\stm32g4xx_hal_tim.c    0x00000000   Number         0  stm32g4xx_hal_tim.o ABSOLUTE
    ..\\HAL_lib\\Src\\stm32g4xx_hal_tim_ex.c 0x00000000   Number         0  stm32g4xx_hal_tim_ex.o ABSOLUTE
    ..\\HAL_lib\\Src\\stm32g4xx_hal_uart.c   0x00000000   Number         0  stm32g4xx_hal_uart.o ABSOLUTE
    ..\\HAL_lib\\Src\\stm32g4xx_hal_uart_ex.c 0x00000000   Number         0  stm32g4xx_hal_uart_ex.o ABSOLUTE
    ..\\HAL_lib\\Src\\stm32g4xx_hal_usart.c  0x00000000   Number         0  stm32g4xx_hal_usart.o ABSOLUTE
    ..\\HAL_lib\\Src\\stm32g4xx_hal_usart_ex.c 0x00000000   Number         0  stm32g4xx_hal_usart_ex.o ABSOLUTE
    ..\\HAL_lib\\Src\\stm32g4xx_hal_wwdg.c   0x00000000   Number         0  stm32g4xx_hal_wwdg.o ABSOLUTE
    ..\\mycode\\ADC.c                        0x00000000   Number         0  adc.o ABSOLUTE
    ..\\mycode\\Delay.c                      0x00000000   Number         0  delay.o ABSOLUTE
    ..\\mycode\\HRTIM.c                      0x00000000   Number         0  hrtim.o ABSOLUTE
    ..\\mycode\\Int.c                        0x00000000   Number         0  int.o ABSOLUTE
    ..\\mycode\\PID.c                        0x00000000   Number         0  pid.o ABSOLUTE
    ..\\mycode\\RGB.c                        0x00000000   Number         0  rgb.o ABSOLUTE
    ..\\mycode\\clock_config.c               0x00000000   Number         0  clock_config.o ABSOLUTE
    ..\\mycode\\state_machine.c              0x00000000   Number         0  state_machine.o ABSOLUTE
    ..\mycode\ADC.c                          0x00000000   Number         0  adc.o ABSOLUTE
    ..\mycode\Delay.c                        0x00000000   Number         0  delay.o ABSOLUTE
    ..\mycode\HRTIM.c                        0x00000000   Number         0  hrtim.o ABSOLUTE
    ..\mycode\Int.c                          0x00000000   Number         0  int.o ABSOLUTE
    ..\mycode\PID.c                          0x00000000   Number         0  pid.o ABSOLUTE
    ..\mycode\RGB.c                          0x00000000   Number         0  rgb.o ABSOLUTE
    ..\mycode\clock_config.c                 0x00000000   Number         0  clock_config.o ABSOLUTE
    ..\mycode\state_machine.c                0x00000000   Number         0  state_machine.o ABSOLUTE
    dc.s                                     0x00000000   Number         0  dc.o ABSOLUTE
    handlers.s                               0x00000000   Number         0  handlers.o ABSOLUTE
    init.s                                   0x00000000   Number         0  init.o ABSOLUTE
    main.c                                   0x00000000   Number         0  main.o ABSOLUTE
    main.c                                   0x00000000   Number         0  main.o ABSOLUTE
    stm32g4xx_hal_msp.c                      0x00000000   Number         0  stm32g4xx_hal_msp.o ABSOLUTE
    stm32g4xx_hal_msp.c                      0x00000000   Number         0  stm32g4xx_hal_msp.o ABSOLUTE
    stm32g4xx_it.c                           0x00000000   Number         0  stm32g4xx_it.o ABSOLUTE
    stm32g4xx_it.c                           0x00000000   Number         0  stm32g4xx_it.o ABSOLUTE
    stm32g4xx_nucleo.c                       0x00000000   Number         0  stm32g4xx_nucleo.o ABSOLUTE
    stm32g4xx_nucleo.c                       0x00000000   Number         0  stm32g4xx_nucleo.o ABSOLUTE
    system_stm32g4xx.c                       0x00000000   Number         0  system_stm32g4xx.o ABSOLUTE
    system_stm32g4xx.c                       0x00000000   Number         0  system_stm32g4xx.o ABSOLUTE
    RESET                                    0x08000000   Section      472  startup_stm32g474xx.o(RESET)
    .ARM.Collect$$$$00000000                 0x080001d8   Section        0  entry.o(.ARM.Collect$$$$00000000)
    .ARM.Collect$$$$00000001                 0x080001d8   Section        4  entry2.o(.ARM.Collect$$$$00000001)
    .ARM.Collect$$$$00000004                 0x080001dc   Section        4  entry5.o(.ARM.Collect$$$$00000004)
    .ARM.Collect$$$$00000008                 0x080001e0   Section        0  entry7b.o(.ARM.Collect$$$$00000008)
    .ARM.Collect$$$$0000000A                 0x080001e0   Section        0  entry8b.o(.ARM.Collect$$$$0000000A)
    .ARM.Collect$$$$0000000B                 0x080001e0   Section        8  entry9a.o(.ARM.Collect$$$$0000000B)
    .ARM.Collect$$$$0000000D                 0x080001e8   Section        0  entry10a.o(.ARM.Collect$$$$0000000D)
    .ARM.Collect$$$$0000000F                 0x080001e8   Section        0  entry11a.o(.ARM.Collect$$$$0000000F)
    .ARM.Collect$$$$00002712                 0x080001e8   Section        4  entry2.o(.ARM.Collect$$$$00002712)
    __lit__00000000                          0x080001e8   Data           4  entry2.o(.ARM.Collect$$$$00002712)
    .text                                    0x080001ec   Section       36  startup_stm32g474xx.o(.text)
    $v0                                      0x080001ec   Number         0  startup_stm32g474xx.o(.text)
    .text                                    0x08000210   Section        0  memseta.o(.text)
    .text                                    0x08000234   Section       36  init.o(.text)
    i.ADC1_Init                              0x08000258   Section        0  adc.o(i.ADC1_Init)
    i.ADC2_Init                              0x080003c8   Section        0  adc.o(i.ADC2_Init)
    i.ADC_DMAConvCplt                        0x0800051c   Section        0  stm32g4xx_hal_adc.o(i.ADC_DMAConvCplt)
    i.ADC_DMAError                           0x0800059e   Section        0  stm32g4xx_hal_adc.o(i.ADC_DMAError)
    i.ADC_DMAHalfConvCplt                    0x080005b8   Section        0  stm32g4xx_hal_adc.o(i.ADC_DMAHalfConvCplt)
    i.ADC_Disable                            0x080005c4   Section        0  stm32g4xx_hal_adc.o(i.ADC_Disable)
    i.ADC_Enable                             0x08000638   Section        0  stm32g4xx_hal_adc.o(i.ADC_Enable)
    i.BusFault_Handler                       0x080006b4   Section        0  stm32g4xx_it.o(i.BusFault_Handler)
    i.DebugMon_Handler                       0x080006b6   Section        0  stm32g4xx_it.o(i.DebugMon_Handler)
    i.Delay_ms                               0x080006b8   Section        0  delay.o(i.Delay_ms)
    i.Delay_us                               0x080006f4   Section        0  delay.o(i.Delay_us)
    i.Green_ON                               0x08000710   Section        0  rgb.o(i.Green_ON)
    i.HAL_ADCEx_Calibration_Start            0x08000740   Section        0  stm32g4xx_hal_adc_ex.o(i.HAL_ADCEx_Calibration_Start)
    i.HAL_ADCEx_MultiModeConfigChannel       0x080007d0   Section        0  stm32g4xx_hal_adc_ex.o(i.HAL_ADCEx_MultiModeConfigChannel)
    i.HAL_ADC_ConfigChannel                  0x08000948   Section        0  stm32g4xx_hal_adc.o(i.HAL_ADC_ConfigChannel)
    i.HAL_ADC_ConvCpltCallback               0x08000e50   Section        0  stm32g4xx_hal_adc.o(i.HAL_ADC_ConvCpltCallback)
    i.HAL_ADC_ConvHalfCpltCallback           0x08000e52   Section        0  stm32g4xx_hal_adc.o(i.HAL_ADC_ConvHalfCpltCallback)
    i.HAL_ADC_ErrorCallback                  0x08000e54   Section        0  stm32g4xx_hal_adc.o(i.HAL_ADC_ErrorCallback)
    i.HAL_ADC_Init                           0x08000e58   Section        0  stm32g4xx_hal_adc.o(i.HAL_ADC_Init)
    i.HAL_ADC_MspInit                        0x080010e4   Section        0  stm32g4xx_hal_adc.o(i.HAL_ADC_MspInit)
    i.HAL_ADC_Start                          0x080010e8   Section        0  stm32g4xx_hal_adc.o(i.HAL_ADC_Start)
    i.HAL_ADC_Start_DMA                      0x08001224   Section        0  stm32g4xx_hal_adc.o(i.HAL_ADC_Start_DMA)
    i.HAL_DMA_Init                           0x08001350   Section        0  stm32g4xx_hal_dma.o(i.HAL_DMA_Init)
    i.HAL_DMA_Start                          0x08001478   Section        0  stm32g4xx_hal_dma.o(i.HAL_DMA_Start)
    i.HAL_GPIO_Init                          0x08001504   Section        0  stm32g4xx_hal_gpio.o(i.HAL_GPIO_Init)
    i.HAL_GPIO_WritePin                      0x08001728   Section        0  stm32g4xx_hal_gpio.o(i.HAL_GPIO_WritePin)
    i.HAL_GetTick                            0x08001734   Section        0  stm32g4xx_hal.o(i.HAL_GetTick)
    i.HAL_HRTIM_ADCTriggerConfig             0x08001740   Section        0  stm32g4xx_hal_hrtim.o(i.HAL_HRTIM_ADCTriggerConfig)
    i.HAL_HRTIM_DeadTimeConfig               0x08001988   Section        0  stm32g4xx_hal_hrtim.o(i.HAL_HRTIM_DeadTimeConfig)
    i.HAL_HRTIM_Init                         0x08001a34   Section        0  stm32g4xx_hal_hrtim.o(i.HAL_HRTIM_Init)
    i.HAL_HRTIM_MspInit                      0x08001afc   Section        0  stm32g4xx_hal_hrtim.o(i.HAL_HRTIM_MspInit)
    i.HAL_HRTIM_SimpleBaseStart              0x08001b00   Section        0  stm32g4xx_hal_hrtim.o(i.HAL_HRTIM_SimpleBaseStart)
    i.HAL_HRTIM_SimpleOCStart                0x08001b40   Section        0  stm32g4xx_hal_hrtim.o(i.HAL_HRTIM_SimpleOCStart)
    i.HAL_HRTIM_SimplePWMStart               0x08001b90   Section        0  stm32g4xx_hal_hrtim.o(i.HAL_HRTIM_SimplePWMStart)
    i.HAL_HRTIM_TimeBaseConfig               0x08001be0   Section        0  stm32g4xx_hal_hrtim.o(i.HAL_HRTIM_TimeBaseConfig)
    i.HAL_HRTIM_WaveformCompareConfig        0x08001c74   Section        0  stm32g4xx_hal_hrtim.o(i.HAL_HRTIM_WaveformCompareConfig)
    i.HAL_HRTIM_WaveformOutputConfig         0x08001dec   Section        0  stm32g4xx_hal_hrtim.o(i.HAL_HRTIM_WaveformOutputConfig)
    i.HAL_HRTIM_WaveformSetOutputLevel       0x08001e24   Section        0  stm32g4xx_hal_hrtim.o(i.HAL_HRTIM_WaveformSetOutputLevel)
    i.HAL_HRTIM_WaveformTimerConfig          0x08001f04   Section        0  stm32g4xx_hal_hrtim.o(i.HAL_HRTIM_WaveformTimerConfig)
    i.HAL_HRTIM_WaveformTimerControl         0x08002250   Section        0  stm32g4xx_hal_hrtim.o(i.HAL_HRTIM_WaveformTimerControl)
    i.HAL_IncTick                            0x08002344   Section        0  stm32g4xx_hal.o(i.HAL_IncTick)
    i.HAL_Init                               0x08002354   Section        0  stm32g4xx_hal.o(i.HAL_Init)
    i.HAL_InitTick                           0x08002374   Section        0  stm32g4xx_hal.o(i.HAL_InitTick)
    i.HAL_MspInit                            0x080023b8   Section        0  stm32g4xx_hal_msp.o(i.HAL_MspInit)
    i.HAL_NVIC_EnableIRQ                     0x080023ba   Section        0  stm32g4xx_hal_cortex.o(i.HAL_NVIC_EnableIRQ)
    i.HAL_NVIC_SetPriority                   0x080023d8   Section        0  stm32g4xx_hal_cortex.o(i.HAL_NVIC_SetPriority)
    i.HAL_NVIC_SetPriorityGrouping           0x0800243c   Section        0  stm32g4xx_hal_cortex.o(i.HAL_NVIC_SetPriorityGrouping)
    i.HAL_PWREx_ControlVoltageScaling        0x08002460   Section        0  stm32g4xx_hal_pwr_ex.o(i.HAL_PWREx_ControlVoltageScaling)
    i.HAL_RCCEx_PeriphCLKConfig              0x08002520   Section        0  stm32g4xx_hal_rcc_ex.o(i.HAL_RCCEx_PeriphCLKConfig)
    i.HAL_RCC_ClockConfig                    0x08002864   Section        0  stm32g4xx_hal_rcc.o(i.HAL_RCC_ClockConfig)
    i.HAL_RCC_GetSysClockFreq                0x08002a68   Section        0  stm32g4xx_hal_rcc.o(i.HAL_RCC_GetSysClockFreq)
    i.HAL_RCC_OscConfig                      0x08002ad8   Section        0  stm32g4xx_hal_rcc.o(i.HAL_RCC_OscConfig)
    i.HAL_SYSTICK_Config                     0x08002fbc   Section        0  stm32g4xx_hal_cortex.o(i.HAL_SYSTICK_Config)
    i.HAL_TIM_Base_Init                      0x08002fe8   Section        0  stm32g4xx_hal_tim.o(i.HAL_TIM_Base_Init)
    i.HAL_TIM_Base_MspInit                   0x0800301e   Section        0  stm32g4xx_hal_tim.o(i.HAL_TIM_Base_MspInit)
    i.HRTIM1_TIMA_IRQHandler                 0x08003020   Section        0  state_machine.o(i.HRTIM1_TIMA_IRQHandler)
    i.HRTIM_INT                              0x08003160   Section        0  hrtim.o(i.HRTIM_INT)
    i.HRTIM_OutputConfig                     0x080033d0   Section        0  stm32g4xx_hal_hrtim.o(i.HRTIM_OutputConfig)
    HRTIM_OutputConfig                       0x080033d1   Thumb Code   244  stm32g4xx_hal_hrtim.o(i.HRTIM_OutputConfig)
    i.HardFault_Handler                      0x080034c4   Section        0  stm32g4xx_it.o(i.HardFault_Handler)
    i.Init_TIM_Basic                         0x080034c8   Section        0  delay.o(i.Init_TIM_Basic)
    i.Initial_prepheral_                     0x08003520   Section        0  int.o(i.Initial_prepheral_)
    i.LED_GPIO_CONFIG                        0x0800354c   Section        0  rgb.o(i.LED_GPIO_CONFIG)
    i.MemManage_Handler                      0x080035d4   Section        0  stm32g4xx_it.o(i.MemManage_Handler)
    i.NMI_Handler                            0x080035d6   Section        0  stm32g4xx_it.o(i.NMI_Handler)
    i.PID_INT                                0x080035d8   Section        0  pid.o(i.PID_INT)
    i.PID_loop                               0x08003624   Section        0  pid.o(i.PID_loop)
    i.PendSV_Handler                         0x080036c4   Section        0  stm32g4xx_it.o(i.PendSV_Handler)
    i.Red_ON                                 0x080036c8   Section        0  rgb.o(i.Red_ON)
    i.SVC_Handler                            0x080036f8   Section        0  stm32g4xx_it.o(i.SVC_Handler)
    i.SysTick_Handler                        0x080036fa   Section        0  stm32g4xx_it.o(i.SysTick_Handler)
    i.SystemClock_Config_HSE                 0x08003700   Section        0  clock_config.o(i.SystemClock_Config_HSE)
    i.SystemCoreClockUpdate                  0x080037b0   Section        0  system_stm32g4xx.o(i.SystemCoreClockUpdate)
    i.SystemInit                             0x08003838   Section        0  system_stm32g4xx.o(i.SystemInit)
    i.TIM2_INT                               0x08003854   Section        0  delay.o(i.TIM2_INT)
    i.TIM_Base_SetConfig                     0x080038ac   Section        0  stm32g4xx_hal_tim.o(i.TIM_Base_SetConfig)
    i.UsageFault_Handler                     0x08003988   Section        0  stm32g4xx_it.o(i.UsageFault_Handler)
    i.__scatterload_copy                     0x0800398a   Section       14  handlers.o(i.__scatterload_copy)
    i.__scatterload_null                     0x08003998   Section        2  handlers.o(i.__scatterload_null)
    i.__scatterload_zeroinit                 0x0800399a   Section       14  handlers.o(i.__scatterload_zeroinit)
    i.main                                   0x080039a8   Section        0  main.o(i.main)
    i.state_machine                          0x080039b8   Section        0  state_machine.o(i.state_machine)
    .constdata                               0x08003b68   Section       16  system_stm32g4xx.o(.constdata)
    .data                                    0x20000000   Section       12  stm32g4xx_hal.o(.data)
    .data                                    0x2000000c   Section       28  stm32g4xx_hal_hrtim.o(.data)
    TimerIdxToTimerId                        0x2000000c   Data          28  stm32g4xx_hal_hrtim.o(.data)
    .data                                    0x20000028   Section       10  adc.o(.data)
    .data                                    0x20000034   Section        8  pid.o(.data)
    .data                                    0x2000003c   Section       64  state_machine.o(.data)
    .data                                    0x2000007c   Section        4  system_stm32g4xx.o(.data)
    .bss                                     0x20000080   Section      408  adc.o(.bss)
    .bss                                     0x20000218   Section      252  hrtim.o(.bss)
    .bss                                     0x20000314   Section       24  pid.o(.bss)
    STACK                                    0x20000330   Section     1024  startup_stm32g474xx.o(STACK)

    Global Symbols

    Symbol Name                              Value     Ov Type        Size  Object(Section)

    BuildAttributes$$THM_ISAv4$E$P$D$K$B$S$7EM$VFPi3$EXTD16$VFPS$VFMA$PE$A:L22UL41UL21$X:L11$S22US41US21$IEEE1$IW$USESV6$~STKCKD$USESV7$~SHL$OTIME$EBA8$MICROLIB$REQ8$PRES8$EABIv2 0x00000000   Number         0  anon$$obj.o ABSOLUTE
    __ARM_use_no_argv                        0x00000000   Number         0  main.o ABSOLUTE
    __cpp_initialize__aeabi_                  - Undefined Weak Reference
    __cxa_finalize                            - Undefined Weak Reference
    __decompress                              - Undefined Weak Reference
    _clock_init                               - Undefined Weak Reference
    _microlib_exit                            - Undefined Weak Reference
    __Vectors_Size                           0x000001d8   Number         0  startup_stm32g474xx.o ABSOLUTE
    __Vectors                                0x08000000   Data           4  startup_stm32g474xx.o(RESET)
    __Vectors_End                            0x080001d8   Data           0  startup_stm32g474xx.o(RESET)
    __main                                   0x080001d9   Thumb Code     0  entry.o(.ARM.Collect$$$$00000000)
    _main_stk                                0x080001d9   Thumb Code     0  entry2.o(.ARM.Collect$$$$00000001)
    _main_scatterload                        0x080001dd   Thumb Code     0  entry5.o(.ARM.Collect$$$$00000004)
    __main_after_scatterload                 0x080001e1   Thumb Code     0  entry5.o(.ARM.Collect$$$$00000004)
    _main_clock                              0x080001e1   Thumb Code     0  entry7b.o(.ARM.Collect$$$$00000008)
    _main_cpp_init                           0x080001e1   Thumb Code     0  entry8b.o(.ARM.Collect$$$$0000000A)
    _main_init                               0x080001e1   Thumb Code     0  entry9a.o(.ARM.Collect$$$$0000000B)
    __rt_final_cpp                           0x080001e9   Thumb Code     0  entry10a.o(.ARM.Collect$$$$0000000D)
    __rt_final_exit                          0x080001e9   Thumb Code     0  entry11a.o(.ARM.Collect$$$$0000000F)
    Reset_Handler                            0x080001ed   Thumb Code     8  startup_stm32g474xx.o(.text)
    ADC1_2_IRQHandler                        0x08000207   Thumb Code     0  startup_stm32g474xx.o(.text)
    ADC3_IRQHandler                          0x08000207   Thumb Code     0  startup_stm32g474xx.o(.text)
    ADC4_IRQHandler                          0x08000207   Thumb Code     0  startup_stm32g474xx.o(.text)
    ADC5_IRQHandler                          0x08000207   Thumb Code     0  startup_stm32g474xx.o(.text)
    COMP1_2_3_IRQHandler                     0x08000207   Thumb Code     0  startup_stm32g474xx.o(.text)
    COMP4_5_6_IRQHandler                     0x08000207   Thumb Code     0  startup_stm32g474xx.o(.text)
    COMP7_IRQHandler                         0x08000207   Thumb Code     0  startup_stm32g474xx.o(.text)
    CORDIC_IRQHandler                        0x08000207   Thumb Code     0  startup_stm32g474xx.o(.text)
    CRS_IRQHandler                           0x08000207   Thumb Code     0  startup_stm32g474xx.o(.text)
    DMA1_Channel1_IRQHandler                 0x08000207   Thumb Code     0  startup_stm32g474xx.o(.text)
    DMA1_Channel2_IRQHandler                 0x08000207   Thumb Code     0  startup_stm32g474xx.o(.text)
    DMA1_Channel3_IRQHandler                 0x08000207   Thumb Code     0  startup_stm32g474xx.o(.text)
    DMA1_Channel4_IRQHandler                 0x08000207   Thumb Code     0  startup_stm32g474xx.o(.text)
    DMA1_Channel5_IRQHandler                 0x08000207   Thumb Code     0  startup_stm32g474xx.o(.text)
    DMA1_Channel6_IRQHandler                 0x08000207   Thumb Code     0  startup_stm32g474xx.o(.text)
    DMA1_Channel7_IRQHandler                 0x08000207   Thumb Code     0  startup_stm32g474xx.o(.text)
    DMA1_Channel8_IRQHandler                 0x08000207   Thumb Code     0  startup_stm32g474xx.o(.text)
    DMA2_Channel1_IRQHandler                 0x08000207   Thumb Code     0  startup_stm32g474xx.o(.text)
    DMA2_Channel2_IRQHandler                 0x08000207   Thumb Code     0  startup_stm32g474xx.o(.text)
    DMA2_Channel3_IRQHandler                 0x08000207   Thumb Code     0  startup_stm32g474xx.o(.text)
    DMA2_Channel4_IRQHandler                 0x08000207   Thumb Code     0  startup_stm32g474xx.o(.text)
    DMA2_Channel5_IRQHandler                 0x08000207   Thumb Code     0  startup_stm32g474xx.o(.text)
    DMA2_Channel6_IRQHandler                 0x08000207   Thumb Code     0  startup_stm32g474xx.o(.text)
    DMA2_Channel7_IRQHandler                 0x08000207   Thumb Code     0  startup_stm32g474xx.o(.text)
    DMA2_Channel8_IRQHandler                 0x08000207   Thumb Code     0  startup_stm32g474xx.o(.text)
    DMAMUX_OVR_IRQHandler                    0x08000207   Thumb Code     0  startup_stm32g474xx.o(.text)
    EXTI0_IRQHandler                         0x08000207   Thumb Code     0  startup_stm32g474xx.o(.text)
    EXTI15_10_IRQHandler                     0x08000207   Thumb Code     0  startup_stm32g474xx.o(.text)
    EXTI1_IRQHandler                         0x08000207   Thumb Code     0  startup_stm32g474xx.o(.text)
    EXTI2_IRQHandler                         0x08000207   Thumb Code     0  startup_stm32g474xx.o(.text)
    EXTI3_IRQHandler                         0x08000207   Thumb Code     0  startup_stm32g474xx.o(.text)
    EXTI4_IRQHandler                         0x08000207   Thumb Code     0  startup_stm32g474xx.o(.text)
    EXTI9_5_IRQHandler                       0x08000207   Thumb Code     0  startup_stm32g474xx.o(.text)
    FDCAN1_IT0_IRQHandler                    0x08000207   Thumb Code     0  startup_stm32g474xx.o(.text)
    FDCAN1_IT1_IRQHandler                    0x08000207   Thumb Code     0  startup_stm32g474xx.o(.text)
    FDCAN2_IT0_IRQHandler                    0x08000207   Thumb Code     0  startup_stm32g474xx.o(.text)
    FDCAN2_IT1_IRQHandler                    0x08000207   Thumb Code     0  startup_stm32g474xx.o(.text)
    FDCAN3_IT0_IRQHandler                    0x08000207   Thumb Code     0  startup_stm32g474xx.o(.text)
    FDCAN3_IT1_IRQHandler                    0x08000207   Thumb Code     0  startup_stm32g474xx.o(.text)
    FLASH_IRQHandler                         0x08000207   Thumb Code     0  startup_stm32g474xx.o(.text)
    FMAC_IRQHandler                          0x08000207   Thumb Code     0  startup_stm32g474xx.o(.text)
    FMC_IRQHandler                           0x08000207   Thumb Code     0  startup_stm32g474xx.o(.text)
    FPU_IRQHandler                           0x08000207   Thumb Code     0  startup_stm32g474xx.o(.text)
    HRTIM1_FLT_IRQHandler                    0x08000207   Thumb Code     0  startup_stm32g474xx.o(.text)
    HRTIM1_Master_IRQHandler                 0x08000207   Thumb Code     0  startup_stm32g474xx.o(.text)
    HRTIM1_TIMB_IRQHandler                   0x08000207   Thumb Code     0  startup_stm32g474xx.o(.text)
    HRTIM1_TIMC_IRQHandler                   0x08000207   Thumb Code     0  startup_stm32g474xx.o(.text)
    HRTIM1_TIMD_IRQHandler                   0x08000207   Thumb Code     0  startup_stm32g474xx.o(.text)
    HRTIM1_TIME_IRQHandler                   0x08000207   Thumb Code     0  startup_stm32g474xx.o(.text)
    HRTIM1_TIMF_IRQHandler                   0x08000207   Thumb Code     0  startup_stm32g474xx.o(.text)
    I2C1_ER_IRQHandler                       0x08000207   Thumb Code     0  startup_stm32g474xx.o(.text)
    I2C1_EV_IRQHandler                       0x08000207   Thumb Code     0  startup_stm32g474xx.o(.text)
    I2C2_ER_IRQHandler                       0x08000207   Thumb Code     0  startup_stm32g474xx.o(.text)
    I2C2_EV_IRQHandler                       0x08000207   Thumb Code     0  startup_stm32g474xx.o(.text)
    I2C3_ER_IRQHandler                       0x08000207   Thumb Code     0  startup_stm32g474xx.o(.text)
    I2C3_EV_IRQHandler                       0x08000207   Thumb Code     0  startup_stm32g474xx.o(.text)
    I2C4_ER_IRQHandler                       0x08000207   Thumb Code     0  startup_stm32g474xx.o(.text)
    I2C4_EV_IRQHandler                       0x08000207   Thumb Code     0  startup_stm32g474xx.o(.text)
    LPTIM1_IRQHandler                        0x08000207   Thumb Code     0  startup_stm32g474xx.o(.text)
    LPUART1_IRQHandler                       0x08000207   Thumb Code     0  startup_stm32g474xx.o(.text)
    PVD_PVM_IRQHandler                       0x08000207   Thumb Code     0  startup_stm32g474xx.o(.text)
    QUADSPI_IRQHandler                       0x08000207   Thumb Code     0  startup_stm32g474xx.o(.text)
    RCC_IRQHandler                           0x08000207   Thumb Code     0  startup_stm32g474xx.o(.text)
    RNG_IRQHandler                           0x08000207   Thumb Code     0  startup_stm32g474xx.o(.text)
    RTC_Alarm_IRQHandler                     0x08000207   Thumb Code     0  startup_stm32g474xx.o(.text)
    RTC_TAMP_LSECSS_IRQHandler               0x08000207   Thumb Code     0  startup_stm32g474xx.o(.text)
    RTC_WKUP_IRQHandler                      0x08000207   Thumb Code     0  startup_stm32g474xx.o(.text)
    SAI1_IRQHandler                          0x08000207   Thumb Code     0  startup_stm32g474xx.o(.text)
    SPI1_IRQHandler                          0x08000207   Thumb Code     0  startup_stm32g474xx.o(.text)
    SPI2_IRQHandler                          0x08000207   Thumb Code     0  startup_stm32g474xx.o(.text)
    SPI3_IRQHandler                          0x08000207   Thumb Code     0  startup_stm32g474xx.o(.text)
    SPI4_IRQHandler                          0x08000207   Thumb Code     0  startup_stm32g474xx.o(.text)
    TIM1_BRK_TIM15_IRQHandler                0x08000207   Thumb Code     0  startup_stm32g474xx.o(.text)
    TIM1_CC_IRQHandler                       0x08000207   Thumb Code     0  startup_stm32g474xx.o(.text)
    TIM1_TRG_COM_TIM17_IRQHandler            0x08000207   Thumb Code     0  startup_stm32g474xx.o(.text)
    TIM1_UP_TIM16_IRQHandler                 0x08000207   Thumb Code     0  startup_stm32g474xx.o(.text)
    TIM20_BRK_IRQHandler                     0x08000207   Thumb Code     0  startup_stm32g474xx.o(.text)
    TIM20_CC_IRQHandler                      0x08000207   Thumb Code     0  startup_stm32g474xx.o(.text)
    TIM20_TRG_COM_IRQHandler                 0x08000207   Thumb Code     0  startup_stm32g474xx.o(.text)
    TIM20_UP_IRQHandler                      0x08000207   Thumb Code     0  startup_stm32g474xx.o(.text)
    TIM2_IRQHandler                          0x08000207   Thumb Code     0  startup_stm32g474xx.o(.text)
    TIM3_IRQHandler                          0x08000207   Thumb Code     0  startup_stm32g474xx.o(.text)
    TIM4_IRQHandler                          0x08000207   Thumb Code     0  startup_stm32g474xx.o(.text)
    TIM5_IRQHandler                          0x08000207   Thumb Code     0  startup_stm32g474xx.o(.text)
    TIM6_DAC_IRQHandler                      0x08000207   Thumb Code     0  startup_stm32g474xx.o(.text)
    TIM7_DAC_IRQHandler                      0x08000207   Thumb Code     0  startup_stm32g474xx.o(.text)
    TIM8_BRK_IRQHandler                      0x08000207   Thumb Code     0  startup_stm32g474xx.o(.text)
    TIM8_CC_IRQHandler                       0x08000207   Thumb Code     0  startup_stm32g474xx.o(.text)
    TIM8_TRG_COM_IRQHandler                  0x08000207   Thumb Code     0  startup_stm32g474xx.o(.text)
    TIM8_UP_IRQHandler                       0x08000207   Thumb Code     0  startup_stm32g474xx.o(.text)
    UART4_IRQHandler                         0x08000207   Thumb Code     0  startup_stm32g474xx.o(.text)
    UART5_IRQHandler                         0x08000207   Thumb Code     0  startup_stm32g474xx.o(.text)
    UCPD1_IRQHandler                         0x08000207   Thumb Code     0  startup_stm32g474xx.o(.text)
    USART1_IRQHandler                        0x08000207   Thumb Code     0  startup_stm32g474xx.o(.text)
    USART2_IRQHandler                        0x08000207   Thumb Code     0  startup_stm32g474xx.o(.text)
    USART3_IRQHandler                        0x08000207   Thumb Code     0  startup_stm32g474xx.o(.text)
    USBWakeUp_IRQHandler                     0x08000207   Thumb Code     0  startup_stm32g474xx.o(.text)
    USB_HP_IRQHandler                        0x08000207   Thumb Code     0  startup_stm32g474xx.o(.text)
    USB_LP_IRQHandler                        0x08000207   Thumb Code     0  startup_stm32g474xx.o(.text)
    WWDG_IRQHandler                          0x08000207   Thumb Code     0  startup_stm32g474xx.o(.text)
    __aeabi_memset                           0x08000211   Thumb Code    14  memseta.o(.text)
    __aeabi_memset4                          0x08000211   Thumb Code     0  memseta.o(.text)
    __aeabi_memset8                          0x08000211   Thumb Code     0  memseta.o(.text)
    __aeabi_memclr                           0x0800021f   Thumb Code     4  memseta.o(.text)
    __aeabi_memclr4                          0x0800021f   Thumb Code     0  memseta.o(.text)
    __aeabi_memclr8                          0x0800021f   Thumb Code     0  memseta.o(.text)
    _memset$wrapper                          0x08000223   Thumb Code    18  memseta.o(.text)
    __scatterload                            0x08000235   Thumb Code    28  init.o(.text)
    __scatterload_rt2                        0x08000235   Thumb Code     0  init.o(.text)
    ADC1_Init                                0x08000259   Thumb Code   338  adc.o(i.ADC1_Init)
    ADC2_Init                                0x080003c9   Thumb Code   310  adc.o(i.ADC2_Init)
    ADC_DMAConvCplt                          0x0800051d   Thumb Code   130  stm32g4xx_hal_adc.o(i.ADC_DMAConvCplt)
    ADC_DMAError                             0x0800059f   Thumb Code    26  stm32g4xx_hal_adc.o(i.ADC_DMAError)
    ADC_DMAHalfConvCplt                      0x080005b9   Thumb Code    10  stm32g4xx_hal_adc.o(i.ADC_DMAHalfConvCplt)
    ADC_Disable                              0x080005c5   Thumb Code   116  stm32g4xx_hal_adc.o(i.ADC_Disable)
    ADC_Enable                               0x08000639   Thumb Code   124  stm32g4xx_hal_adc.o(i.ADC_Enable)
    BusFault_Handler                         0x080006b5   Thumb Code     2  stm32g4xx_it.o(i.BusFault_Handler)
    DebugMon_Handler                         0x080006b7   Thumb Code     2  stm32g4xx_it.o(i.DebugMon_Handler)
    Delay_ms                                 0x080006b9   Thumb Code    54  delay.o(i.Delay_ms)
    Delay_us                                 0x080006f5   Thumb Code    22  delay.o(i.Delay_us)
    Green_ON                                 0x08000711   Thumb Code    42  rgb.o(i.Green_ON)
    HAL_ADCEx_Calibration_Start              0x08000741   Thumb Code   140  stm32g4xx_hal_adc_ex.o(i.HAL_ADCEx_Calibration_Start)
    HAL_ADCEx_MultiModeConfigChannel         0x080007d1   Thumb Code   346  stm32g4xx_hal_adc_ex.o(i.HAL_ADCEx_MultiModeConfigChannel)
    HAL_ADC_ConfigChannel                    0x08000949   Thumb Code  1248  stm32g4xx_hal_adc.o(i.HAL_ADC_ConfigChannel)
    HAL_ADC_ConvCpltCallback                 0x08000e51   Thumb Code     2  stm32g4xx_hal_adc.o(i.HAL_ADC_ConvCpltCallback)
    HAL_ADC_ConvHalfCpltCallback             0x08000e53   Thumb Code     2  stm32g4xx_hal_adc.o(i.HAL_ADC_ConvHalfCpltCallback)
    HAL_ADC_ErrorCallback                    0x08000e55   Thumb Code     2  stm32g4xx_hal_adc.o(i.HAL_ADC_ErrorCallback)
    HAL_ADC_Init                             0x08000e59   Thumb Code   610  stm32g4xx_hal_adc.o(i.HAL_ADC_Init)
    HAL_ADC_MspInit                          0x080010e5   Thumb Code     2  stm32g4xx_hal_adc.o(i.HAL_ADC_MspInit)
    HAL_ADC_Start                            0x080010e9   Thumb Code   294  stm32g4xx_hal_adc.o(i.HAL_ADC_Start)
    HAL_ADC_Start_DMA                        0x08001225   Thumb Code   270  stm32g4xx_hal_adc.o(i.HAL_ADC_Start_DMA)
    HAL_DMA_Init                             0x08001351   Thumb Code   252  stm32g4xx_hal_dma.o(i.HAL_DMA_Init)
    HAL_DMA_Start                            0x08001479   Thumb Code   140  stm32g4xx_hal_dma.o(i.HAL_DMA_Start)
    HAL_GPIO_Init                            0x08001505   Thumb Code   528  stm32g4xx_hal_gpio.o(i.HAL_GPIO_Init)
    HAL_GPIO_WritePin                        0x08001729   Thumb Code    10  stm32g4xx_hal_gpio.o(i.HAL_GPIO_WritePin)
    HAL_GetTick                              0x08001735   Thumb Code     6  stm32g4xx_hal.o(i.HAL_GetTick)
    HAL_HRTIM_ADCTriggerConfig               0x08001741   Thumb Code   582  stm32g4xx_hal_hrtim.o(i.HAL_HRTIM_ADCTriggerConfig)
    HAL_HRTIM_DeadTimeConfig                 0x08001989   Thumb Code   166  stm32g4xx_hal_hrtim.o(i.HAL_HRTIM_DeadTimeConfig)
    HAL_HRTIM_Init                           0x08001a35   Thumb Code   194  stm32g4xx_hal_hrtim.o(i.HAL_HRTIM_Init)
    HAL_HRTIM_MspInit                        0x08001afd   Thumb Code     2  stm32g4xx_hal_hrtim.o(i.HAL_HRTIM_MspInit)
    HAL_HRTIM_SimpleBaseStart                0x08001b01   Thumb Code    60  stm32g4xx_hal_hrtim.o(i.HAL_HRTIM_SimpleBaseStart)
    HAL_HRTIM_SimpleOCStart                  0x08001b41   Thumb Code    76  stm32g4xx_hal_hrtim.o(i.HAL_HRTIM_SimpleOCStart)
    HAL_HRTIM_SimplePWMStart                 0x08001b91   Thumb Code    76  stm32g4xx_hal_hrtim.o(i.HAL_HRTIM_SimplePWMStart)
    HAL_HRTIM_TimeBaseConfig                 0x08001be1   Thumb Code   146  stm32g4xx_hal_hrtim.o(i.HAL_HRTIM_TimeBaseConfig)
    HAL_HRTIM_WaveformCompareConfig          0x08001c75   Thumb Code   376  stm32g4xx_hal_hrtim.o(i.HAL_HRTIM_WaveformCompareConfig)
    HAL_HRTIM_WaveformOutputConfig           0x08001ded   Thumb Code    56  stm32g4xx_hal_hrtim.o(i.HAL_HRTIM_WaveformOutputConfig)
    HAL_HRTIM_WaveformSetOutputLevel         0x08001e25   Thumb Code   224  stm32g4xx_hal_hrtim.o(i.HAL_HRTIM_WaveformSetOutputLevel)
    HAL_HRTIM_WaveformTimerConfig            0x08001f05   Thumb Code   844  stm32g4xx_hal_hrtim.o(i.HAL_HRTIM_WaveformTimerConfig)
    HAL_HRTIM_WaveformTimerControl           0x08002251   Thumb Code   244  stm32g4xx_hal_hrtim.o(i.HAL_HRTIM_WaveformTimerControl)
    HAL_IncTick                              0x08002345   Thumb Code    12  stm32g4xx_hal.o(i.HAL_IncTick)
    HAL_Init                                 0x08002355   Thumb Code    30  stm32g4xx_hal.o(i.HAL_Init)
    HAL_InitTick                             0x08002375   Thumb Code    58  stm32g4xx_hal.o(i.HAL_InitTick)
    HAL_MspInit                              0x080023b9   Thumb Code     2  stm32g4xx_hal_msp.o(i.HAL_MspInit)
    HAL_NVIC_EnableIRQ                       0x080023bb   Thumb Code    30  stm32g4xx_hal_cortex.o(i.HAL_NVIC_EnableIRQ)
    HAL_NVIC_SetPriority                     0x080023d9   Thumb Code    96  stm32g4xx_hal_cortex.o(i.HAL_NVIC_SetPriority)
    HAL_NVIC_SetPriorityGrouping             0x0800243d   Thumb Code    30  stm32g4xx_hal_cortex.o(i.HAL_NVIC_SetPriorityGrouping)
    HAL_PWREx_ControlVoltageScaling          0x08002461   Thumb Code   180  stm32g4xx_hal_pwr_ex.o(i.HAL_PWREx_ControlVoltageScaling)
    HAL_RCCEx_PeriphCLKConfig                0x08002521   Thumb Code   826  stm32g4xx_hal_rcc_ex.o(i.HAL_RCCEx_PeriphCLKConfig)
    HAL_RCC_ClockConfig                      0x08002865   Thumb Code   486  stm32g4xx_hal_rcc.o(i.HAL_RCC_ClockConfig)
    HAL_RCC_GetSysClockFreq                  0x08002a69   Thumb Code   100  stm32g4xx_hal_rcc.o(i.HAL_RCC_GetSysClockFreq)
    HAL_RCC_OscConfig                        0x08002ad9   Thumb Code  1246  stm32g4xx_hal_rcc.o(i.HAL_RCC_OscConfig)
    HAL_SYSTICK_Config                       0x08002fbd   Thumb Code    38  stm32g4xx_hal_cortex.o(i.HAL_SYSTICK_Config)
    HAL_TIM_Base_Init                        0x08002fe9   Thumb Code    54  stm32g4xx_hal_tim.o(i.HAL_TIM_Base_Init)
    HAL_TIM_Base_MspInit                     0x0800301f   Thumb Code     2  stm32g4xx_hal_tim.o(i.HAL_TIM_Base_MspInit)
    HRTIM1_TIMA_IRQHandler                   0x08003021   Thumb Code   264  state_machine.o(i.HRTIM1_TIMA_IRQHandler)
    HRTIM_INT                                0x08003161   Thumb Code   600  hrtim.o(i.HRTIM_INT)
    HardFault_Handler                        0x080034c5   Thumb Code     2  stm32g4xx_it.o(i.HardFault_Handler)
    Init_TIM_Basic                           0x080034c9   Thumb Code    74  delay.o(i.Init_TIM_Basic)
    Initial_prepheral_                       0x08003521   Thumb Code    40  int.o(i.Initial_prepheral_)
    LED_GPIO_CONFIG                          0x0800354d   Thumb Code   126  rgb.o(i.LED_GPIO_CONFIG)
    MemManage_Handler                        0x080035d5   Thumb Code     2  stm32g4xx_it.o(i.MemManage_Handler)
    NMI_Handler                              0x080035d7   Thumb Code     2  stm32g4xx_it.o(i.NMI_Handler)
    PID_INT                                  0x080035d9   Thumb Code    50  pid.o(i.PID_INT)
    PID_loop                                 0x08003625   Thumb Code   124  pid.o(i.PID_loop)
    PendSV_Handler                           0x080036c5   Thumb Code     2  stm32g4xx_it.o(i.PendSV_Handler)
    Red_ON                                   0x080036c9   Thumb Code    44  rgb.o(i.Red_ON)
    SVC_Handler                              0x080036f9   Thumb Code     2  stm32g4xx_it.o(i.SVC_Handler)
    SysTick_Handler                          0x080036fb   Thumb Code     4  stm32g4xx_it.o(i.SysTick_Handler)
    SystemClock_Config_HSE                   0x08003701   Thumb Code   170  clock_config.o(i.SystemClock_Config_HSE)
    SystemCoreClockUpdate                    0x080037b1   Thumb Code   114  system_stm32g4xx.o(i.SystemCoreClockUpdate)
    SystemInit                               0x08003839   Thumb Code    20  system_stm32g4xx.o(i.SystemInit)
    TIM2_INT                                 0x08003855   Thumb Code    76  delay.o(i.TIM2_INT)
    TIM_Base_SetConfig                       0x080038ad   Thumb Code   184  stm32g4xx_hal_tim.o(i.TIM_Base_SetConfig)
    UsageFault_Handler                       0x08003989   Thumb Code     2  stm32g4xx_it.o(i.UsageFault_Handler)
    __scatterload_copy                       0x0800398b   Thumb Code    14  handlers.o(i.__scatterload_copy)
    __scatterload_null                       0x08003999   Thumb Code     2  handlers.o(i.__scatterload_null)
    __scatterload_zeroinit                   0x0800399b   Thumb Code    14  handlers.o(i.__scatterload_zeroinit)
    main                                     0x080039a9   Thumb Code    14  main.o(i.main)
    state_machine                            0x080039b9   Thumb Code   410  state_machine.o(i.state_machine)
    AHBPrescTable                            0x08003b68   Data          16  system_stm32g4xx.o(.constdata)
    Region$$Table$$Base                      0x08003b78   Number         0  anon$$obj.o(Region$$Table)
    Region$$Table$$Limit                     0x08003b98   Number         0  anon$$obj.o(Region$$Table)
    uwTickPrio                               0x20000000   Data           4  stm32g4xx_hal.o(.data)
    uwTickFreq                               0x20000004   Data           4  stm32g4xx_hal.o(.data)
    uwTick                                   0x20000008   Data           4  stm32g4xx_hal.o(.data)
    ADC2_RESULT                              0x20000028   Data           4  adc.o(.data)
    ADC1_RESULT                              0x2000002c   Data           6  adc.o(.data)
    Pulse_width                              0x20000034   Data           2  pid.o(.data)
    PWM_K                                    0x20000038   Data           4  pid.o(.data)
    flag_Soft_start                          0x2000003c   Data           1  state_machine.o(.data)
    flag_start_cnt                           0x2000003d   Data           1  state_machine.o(.data)
    ERROR_flag                               0x2000003e   Data           1  state_machine.o(.data)
    Data_update_flag                         0x2000003f   Data           1  state_machine.o(.data)
    flag_Vin_ovp                             0x20000040   Data           1  state_machine.o(.data)
    flag_Vin_uvp                             0x20000041   Data           1  state_machine.o(.data)
    Current_State                            0x20000042   Data           1  state_machine.o(.data)
    Next_State                               0x20000043   Data           1  state_machine.o(.data)
    Vin                                      0x20000044   Data           4  state_machine.o(.data)
    Vout                                     0x20000048   Data           4  state_machine.o(.data)
    Iin                                      0x2000004c   Data           4  state_machine.o(.data)
    Iout                                     0x20000050   Data           4  state_machine.o(.data)
    Target_voltage                           0x20000054   Data           4  state_machine.o(.data)
    Vin_ovp                                  0x20000058   Data           4  state_machine.o(.data)
    Vin_uvp                                  0x2000005c   Data           4  state_machine.o(.data)
    Vout_ovp                                 0x20000060   Data           4  state_machine.o(.data)
    Iout_ocp                                 0x20000064   Data           4  state_machine.o(.data)
    IL_average                               0x20000068   Data           4  state_machine.o(.data)
    Vref                                     0x2000006c   Data           4  state_machine.o(.data)
    OCP_CNT                                  0x20000070   Data           4  state_machine.o(.data)
    OCP_CNT1                                 0x20000074   Data           4  state_machine.o(.data)
    OVP_CNT                                  0x20000078   Data           4  state_machine.o(.data)
    SystemCoreClock                          0x2000007c   Data           4  system_stm32g4xx.o(.data)
    ADC1_Handler                             0x20000080   Data         108  adc.o(.bss)
    ADC1_DMA_Handler                         0x200000ec   Data          96  adc.o(.bss)
    ADC2_Handler                             0x2000014c   Data         108  adc.o(.bss)
    ADC2_DMA_Handler                         0x200001b8   Data          96  adc.o(.bss)
    HRTIM1_structure                         0x20000218   Data         252  hrtim.o(.bss)
    V_PI                                     0x20000314   Data          24  pid.o(.bss)
    __initial_sp                             0x20000730   Data           0  startup_stm32g474xx.o(STACK)



==============================================================================

Memory Map of the image

  Image Entry point : 0x080001d9

  Load Region LR_IROM1 (Base: 0x08000000, Size: 0x00003c18, Max: 0x00080000, ABSOLUTE)

    Execution Region ER_IROM1 (Exec base: 0x08000000, Load base: 0x08000000, Size: 0x00003b98, Max: 0x00080000, ABSOLUTE)

    Exec Addr    Load Addr    Size         Type   Attr      Idx    E Section Name        Object

    0x08000000   0x08000000   0x000001d8   Data   RO         5686    RESET               startup_stm32g474xx.o
    0x080001d8   0x080001d8   0x00000000   Code   RO         6351  * .ARM.Collect$$$$00000000  mc_w.l(entry.o)
    0x080001d8   0x080001d8   0x00000004   Code   RO         6358    .ARM.Collect$$$$00000001  mc_w.l(entry2.o)
    0x080001dc   0x080001dc   0x00000004   Code   RO         6361    .ARM.Collect$$$$00000004  mc_w.l(entry5.o)
    0x080001e0   0x080001e0   0x00000000   Code   RO         6363    .ARM.Collect$$$$00000008  mc_w.l(entry7b.o)
    0x080001e0   0x080001e0   0x00000000   Code   RO         6365    .ARM.Collect$$$$0000000A  mc_w.l(entry8b.o)
    0x080001e0   0x080001e0   0x00000008   Code   RO         6366    .ARM.Collect$$$$0000000B  mc_w.l(entry9a.o)
    0x080001e8   0x080001e8   0x00000000   Code   RO         6368    .ARM.Collect$$$$0000000D  mc_w.l(entry10a.o)
    0x080001e8   0x080001e8   0x00000000   Code   RO         6370    .ARM.Collect$$$$0000000F  mc_w.l(entry11a.o)
    0x080001e8   0x080001e8   0x00000004   Code   RO         6359    .ARM.Collect$$$$00002712  mc_w.l(entry2.o)
    0x080001ec   0x080001ec   0x00000024   Code   RO         5687    .text               startup_stm32g474xx.o
    0x08000210   0x08000210   0x00000024   Code   RO         6356    .text               mc_w.l(memseta.o)
    0x08000234   0x08000234   0x00000024   Code   RO         6376    .text               mc_w.l(init.o)
    0x08000258   0x08000258   0x00000170   Code   RO         5829    i.ADC1_Init         adc.o
    0x080003c8   0x080003c8   0x00000154   Code   RO         5830    i.ADC2_Init         adc.o
    0x0800051c   0x0800051c   0x00000082   Code   RO          452    i.ADC_DMAConvCplt   stm32g4xx_hal_adc.o
    0x0800059e   0x0800059e   0x0000001a   Code   RO          453    i.ADC_DMAError      stm32g4xx_hal_adc.o
    0x080005b8   0x080005b8   0x0000000a   Code   RO          454    i.ADC_DMAHalfConvCplt  stm32g4xx_hal_adc.o
    0x080005c2   0x080005c2   0x00000002   PAD
    0x080005c4   0x080005c4   0x00000074   Code   RO          455    i.ADC_Disable       stm32g4xx_hal_adc.o
    0x08000638   0x08000638   0x0000007c   Code   RO          456    i.ADC_Enable        stm32g4xx_hal_adc.o
    0x080006b4   0x080006b4   0x00000002   Code   RO         6066    i.BusFault_Handler  stm32g4xx_it.o
    0x080006b6   0x080006b6   0x00000002   Code   RO         6067    i.DebugMon_Handler  stm32g4xx_it.o
    0x080006b8   0x080006b8   0x0000003c   Code   RO         5727    i.Delay_ms          delay.o
    0x080006f4   0x080006f4   0x0000001c   Code   RO         5728    i.Delay_us          delay.o
    0x08000710   0x08000710   0x00000030   Code   RO         5925    i.Green_ON          rgb.o
    0x08000740   0x08000740   0x00000090   Code   RO          658    i.HAL_ADCEx_Calibration_Start  stm32g4xx_hal_adc_ex.o
    0x080007d0   0x080007d0   0x00000178   Code   RO          675    i.HAL_ADCEx_MultiModeConfigChannel  stm32g4xx_hal_adc_ex.o
    0x08000948   0x08000948   0x00000508   Code   RO          458    i.HAL_ADC_ConfigChannel  stm32g4xx_hal_adc.o
    0x08000e50   0x08000e50   0x00000002   Code   RO          459    i.HAL_ADC_ConvCpltCallback  stm32g4xx_hal_adc.o
    0x08000e52   0x08000e52   0x00000002   Code   RO          460    i.HAL_ADC_ConvHalfCpltCallback  stm32g4xx_hal_adc.o
    0x08000e54   0x08000e54   0x00000002   Code   RO          462    i.HAL_ADC_ErrorCallback  stm32g4xx_hal_adc.o
    0x08000e56   0x08000e56   0x00000002   PAD
    0x08000e58   0x08000e58   0x0000028c   Code   RO          467    i.HAL_ADC_Init      stm32g4xx_hal_adc.o
    0x080010e4   0x080010e4   0x00000002   Code   RO          470    i.HAL_ADC_MspInit   stm32g4xx_hal_adc.o
    0x080010e6   0x080010e6   0x00000002   PAD
    0x080010e8   0x080010e8   0x0000013c   Code   RO          473    i.HAL_ADC_Start     stm32g4xx_hal_adc.o
    0x08001224   0x08001224   0x0000012c   Code   RO          475    i.HAL_ADC_Start_DMA  stm32g4xx_hal_adc.o
    0x08001350   0x08001350   0x00000128   Code   RO          976    i.HAL_DMA_Init      stm32g4xx_hal_dma.o
    0x08001478   0x08001478   0x0000008c   Code   RO          979    i.HAL_DMA_Start     stm32g4xx_hal_dma.o
    0x08001504   0x08001504   0x00000224   Code   RO         1188    i.HAL_GPIO_Init     stm32g4xx_hal_gpio.o
    0x08001728   0x08001728   0x0000000a   Code   RO         1192    i.HAL_GPIO_WritePin  stm32g4xx_hal_gpio.o
    0x08001732   0x08001732   0x00000002   PAD
    0x08001734   0x08001734   0x0000000c   Code   RO           15    i.HAL_GetTick       stm32g4xx_hal.o
    0x08001740   0x08001740   0x00000246   Code   RO         4580    i.HAL_HRTIM_ADCTriggerConfig  stm32g4xx_hal_hrtim.o
    0x08001986   0x08001986   0x00000002   PAD
    0x08001988   0x08001988   0x000000ac   Code   RO         4600    i.HAL_HRTIM_DeadTimeConfig  stm32g4xx_hal_hrtim.o
    0x08001a34   0x08001a34   0x000000c8   Code   RO         4630    i.HAL_HRTIM_Init    stm32g4xx_hal_hrtim.o
    0x08001afc   0x08001afc   0x00000002   Code   RO         4632    i.HAL_HRTIM_MspInit  stm32g4xx_hal_hrtim.o
    0x08001afe   0x08001afe   0x00000002   PAD
    0x08001b00   0x08001b00   0x00000040   Code   RO         4643    i.HAL_HRTIM_SimpleBaseStart  stm32g4xx_hal_hrtim.o
    0x08001b40   0x08001b40   0x00000050   Code   RO         4657    i.HAL_HRTIM_SimpleOCStart  stm32g4xx_hal_hrtim.o
    0x08001b90   0x08001b90   0x00000050   Code   RO         4669    i.HAL_HRTIM_SimplePWMStart  stm32g4xx_hal_hrtim.o
    0x08001be0   0x08001be0   0x00000092   Code   RO         4681    i.HAL_HRTIM_TimeBaseConfig  stm32g4xx_hal_hrtim.o
    0x08001c72   0x08001c72   0x00000002   PAD
    0x08001c74   0x08001c74   0x00000178   Code   RO         4687    i.HAL_HRTIM_WaveformCompareConfig  stm32g4xx_hal_hrtim.o
    0x08001dec   0x08001dec   0x00000038   Code   RO         4696    i.HAL_HRTIM_WaveformOutputConfig  stm32g4xx_hal_hrtim.o
    0x08001e24   0x08001e24   0x000000e0   Code   RO         4699    i.HAL_HRTIM_WaveformSetOutputLevel  stm32g4xx_hal_hrtim.o
    0x08001f04   0x08001f04   0x0000034c   Code   RO         4700    i.HAL_HRTIM_WaveformTimerConfig  stm32g4xx_hal_hrtim.o
    0x08002250   0x08002250   0x000000f4   Code   RO         4701    i.HAL_HRTIM_WaveformTimerControl  stm32g4xx_hal_hrtim.o
    0x08002344   0x08002344   0x00000010   Code   RO           18    i.HAL_IncTick       stm32g4xx_hal.o
    0x08002354   0x08002354   0x0000001e   Code   RO           19    i.HAL_Init          stm32g4xx_hal.o
    0x08002372   0x08002372   0x00000002   PAD
    0x08002374   0x08002374   0x00000044   Code   RO           20    i.HAL_InitTick      stm32g4xx_hal.o
    0x080023b8   0x080023b8   0x00000002   Code   RO         6037    i.HAL_MspInit       stm32g4xx_hal_msp.o
    0x080023ba   0x080023ba   0x0000001e   Code   RO          844    i.HAL_NVIC_EnableIRQ  stm32g4xx_hal_cortex.o
    0x080023d8   0x080023d8   0x00000064   Code   RO          850    i.HAL_NVIC_SetPriority  stm32g4xx_hal_cortex.o
    0x0800243c   0x0800243c   0x00000024   Code   RO          851    i.HAL_NVIC_SetPriorityGrouping  stm32g4xx_hal_cortex.o
    0x08002460   0x08002460   0x000000c0   Code   RO         3881    i.HAL_PWREx_ControlVoltageScaling  stm32g4xx_hal_pwr_ex.o
    0x08002520   0x08002520   0x00000344   Code   RO         1376    i.HAL_RCCEx_PeriphCLKConfig  stm32g4xx_hal_rcc_ex.o
    0x08002864   0x08002864   0x00000204   Code   RO         1252    i.HAL_RCC_ClockConfig  stm32g4xx_hal_rcc.o
    0x08002a68   0x08002a68   0x00000070   Code   RO         1262    i.HAL_RCC_GetSysClockFreq  stm32g4xx_hal_rcc.o
    0x08002ad8   0x08002ad8   0x000004e4   Code   RO         1265    i.HAL_RCC_OscConfig  stm32g4xx_hal_rcc.o
    0x08002fbc   0x08002fbc   0x0000002c   Code   RO          855    i.HAL_SYSTICK_Config  stm32g4xx_hal_cortex.o
    0x08002fe8   0x08002fe8   0x00000036   Code   RO         1910    i.HAL_TIM_Base_Init  stm32g4xx_hal_tim.o
    0x0800301e   0x0800301e   0x00000002   Code   RO         1912    i.HAL_TIM_Base_MspInit  stm32g4xx_hal_tim.o
    0x08003020   0x08003020   0x00000140   Code   RO         5973    i.HRTIM1_TIMA_IRQHandler  state_machine.o
    0x08003160   0x08003160   0x00000270   Code   RO         5863    i.HRTIM_INT         hrtim.o
    0x080033d0   0x080033d0   0x000000f4   Code   RO         4708    i.HRTIM_OutputConfig  stm32g4xx_hal_hrtim.o
    0x080034c4   0x080034c4   0x00000002   Code   RO         6068    i.HardFault_Handler  stm32g4xx_it.o
    0x080034c6   0x080034c6   0x00000002   PAD
    0x080034c8   0x080034c8   0x00000058   Code   RO         5729    i.Init_TIM_Basic    delay.o
    0x08003520   0x08003520   0x0000002c   Code   RO         5805    i.Initial_prepheral_  int.o
    0x0800354c   0x0800354c   0x00000088   Code   RO         5926    i.LED_GPIO_CONFIG   rgb.o
    0x080035d4   0x080035d4   0x00000002   Code   RO         6069    i.MemManage_Handler  stm32g4xx_it.o
    0x080035d6   0x080035d6   0x00000002   Code   RO         6070    i.NMI_Handler       stm32g4xx_it.o
    0x080035d8   0x080035d8   0x0000004c   Code   RO         5890    i.PID_INT           pid.o
    0x08003624   0x08003624   0x000000a0   Code   RO         5891    i.PID_loop          pid.o
    0x080036c4   0x080036c4   0x00000002   Code   RO         6071    i.PendSV_Handler    stm32g4xx_it.o
    0x080036c6   0x080036c6   0x00000002   PAD
    0x080036c8   0x080036c8   0x00000030   Code   RO         5929    i.Red_ON            rgb.o
    0x080036f8   0x080036f8   0x00000002   Code   RO         6072    i.SVC_Handler       stm32g4xx_it.o
    0x080036fa   0x080036fa   0x00000004   Code   RO         6073    i.SysTick_Handler   stm32g4xx_it.o
    0x080036fe   0x080036fe   0x00000002   PAD
    0x08003700   0x08003700   0x000000b0   Code   RO         5694    i.SystemClock_Config_HSE  clock_config.o
    0x080037b0   0x080037b0   0x00000088   Code   RO         6153    i.SystemCoreClockUpdate  system_stm32g4xx.o
    0x08003838   0x08003838   0x0000001c   Code   RO         6154    i.SystemInit        system_stm32g4xx.o
    0x08003854   0x08003854   0x00000058   Code   RO         5730    i.TIM2_INT          delay.o
    0x080038ac   0x080038ac   0x000000dc   Code   RO         2000    i.TIM_Base_SetConfig  stm32g4xx_hal_tim.o
    0x08003988   0x08003988   0x00000002   Code   RO         6074    i.UsageFault_Handler  stm32g4xx_it.o
    0x0800398a   0x0800398a   0x0000000e   Code   RO         6380    i.__scatterload_copy  mc_w.l(handlers.o)
    0x08003998   0x08003998   0x00000002   Code   RO         6381    i.__scatterload_null  mc_w.l(handlers.o)
    0x0800399a   0x0800399a   0x0000000e   Code   RO         6382    i.__scatterload_zeroinit  mc_w.l(handlers.o)
    0x080039a8   0x080039a8   0x0000000e   Code   RO         6012    i.main              main.o
    0x080039b6   0x080039b6   0x00000002   PAD
    0x080039b8   0x080039b8   0x000001b0   Code   RO         5975    i.state_machine     state_machine.o
    0x08003b68   0x08003b68   0x00000010   Data   RO         6155    .constdata          system_stm32g4xx.o
    0x08003b78   0x08003b78   0x00000020   Data   RO         6378    Region$$Table       anon$$obj.o


    Execution Region ER (Exec base: 0x10000000, Load base: 0x08003c18, Size: 0x00000000, Max: 0x00008000, ABSOLUTE)

    **** No section assigned to this execution region ****


    Execution Region RW_IRAM1 (Exec base: 0x20000000, Load base: 0x08003b98, Size: 0x00000730, Max: 0x00020000, ABSOLUTE)

    Exec Addr    Load Addr    Size         Type   Attr      Idx    E Section Name        Object

    0x20000000   0x08003b98   0x0000000c   Data   RW           39    .data               stm32g4xx_hal.o
    0x2000000c   0x08003ba4   0x0000001c   Data   RW         4709    .data               stm32g4xx_hal_hrtim.o
    0x20000028   0x08003bc0   0x0000000a   Data   RW         5832    .data               adc.o
    0x20000032   0x08003bca   0x00000002   PAD
    0x20000034   0x08003bcc   0x00000008   Data   RW         5893    .data               pid.o
    0x2000003c   0x08003bd4   0x00000040   Data   RW         5976    .data               state_machine.o
    0x2000007c   0x08003c14   0x00000004   Data   RW         6157    .data               system_stm32g4xx.o
    0x20000080        -       0x00000198   Zero   RW         5831    .bss                adc.o
    0x20000218        -       0x000000fc   Zero   RW         5864    .bss                hrtim.o
    0x20000314        -       0x00000018   Zero   RW         5892    .bss                pid.o
    0x2000032c   0x08003c18   0x00000004   PAD
    0x20000330        -       0x00000400   Zero   RW         5684    STACK               startup_stm32g474xx.o


==============================================================================

Image component sizes


      Code (inc. data)   RO Data    RW Data    ZI Data      Debug   Object Name

       708         60          0         10        408       3054   adc.o
       176          6          0          0          0       1365   clock_config.o
       264         38          0          0          0       4350   delay.o
       624         24          0          0        252       2031   hrtim.o
        44          4          0          0          0        625   int.o
        14          0          0          0          0        575   main.o
       236         62          0          8         24       1606   pid.o
       232         20          0          0          0       2482   rgb.o
        36          8        472          0       1024        904   startup_stm32g474xx.o
       752         84          0         64          0       3913   state_machine.o
       126         20          0         12          0     987341   stm32g4xx_hal.o
      2970        134          0          0          0      81705   stm32g4xx_hal_adc.o
       520         34          0          0          0      69145   stm32g4xx_hal_adc_ex.o
       210         16          0          0          0      33799   stm32g4xx_hal_cortex.o
       436         44          0          0          0       3039   stm32g4xx_hal_dma.o
       558         20          0          0          0       2676   stm32g4xx_hal_gpio.o
      3314         46          0         28          0      18092   stm32g4xx_hal_hrtim.o
         2          0          0          0          0        554   stm32g4xx_hal_msp.o
       192         12          0          0          0        926   stm32g4xx_hal_pwr_ex.o
      1880         60          0          0          0       5300   stm32g4xx_hal_rcc.o
       836         10          0          0          0       2192   stm32g4xx_hal_rcc_ex.o
       276         36          0          0          0       4742   stm32g4xx_hal_tim.o
        20          0          0          0          0       4966   stm32g4xx_it.o
       164         30         16          4          0       2331   system_stm32g4xx.o

    ----------------------------------------------------------------------
     14614        768        520        128       1712    1237713   Object Totals
         0          0         32          0          0          0   (incl. Generated)
        24          0          0          2          4          0   (incl. Padding)

    ----------------------------------------------------------------------

      Code (inc. data)   RO Data    RW Data    ZI Data      Debug   Library Member Name

         0          0          0          0          0          0   entry.o
         0          0          0          0          0          0   entry10a.o
         0          0          0          0          0          0   entry11a.o
         8          4          0          0          0          0   entry2.o
         4          0          0          0          0          0   entry5.o
         0          0          0          0          0          0   entry7b.o
         0          0          0          0          0          0   entry8b.o
         8          4          0          0          0          0   entry9a.o
        30          0          0          0          0          0   handlers.o
        36          8          0          0          0         68   init.o
        36          0          0          0          0        108   memseta.o

    ----------------------------------------------------------------------
       122         16          0          0          0        176   Library Totals
         0          0          0          0          0          0   (incl. Padding)

    ----------------------------------------------------------------------

      Code (inc. data)   RO Data    RW Data    ZI Data      Debug   Library Name

       122         16          0          0          0        176   mc_w.l

    ----------------------------------------------------------------------
       122         16          0          0          0        176   Library Totals

    ----------------------------------------------------------------------

==============================================================================


      Code (inc. data)   RO Data    RW Data    ZI Data      Debug   

     14736        784        520        128       1712    1231093   Grand Totals
     14736        784        520        128       1712    1231093   ELF Image Totals
     14736        784        520        128          0          0   ROM Totals

==============================================================================

    Total RO  Size (Code + RO Data)                15256 (  14.90kB)
    Total RW  Size (RW Data + ZI Data)              1840 (   1.80kB)
    Total ROM Size (Code + RO Data + RW Data)      15384 (  15.02kB)

==============================================================================

